ARM Linker, 5.03 [Build 76] [MDK-ARM Professional]

==============================================================================

Section Cross References

    main.o(i.Kalman_RSSI) refers to fadd.o(.text) for __aeabi_fadd
    main.o(i.Kalman_RSSI) refers to f2d.o(.text) for __aeabi_f2d
    main.o(i.Kalman_RSSI) refers to ddiv.o(.text) for __aeabi_ddiv
    main.o(i.Kalman_RSSI) refers to dmul.o(.text) for __aeabi_dmul
    main.o(i.Kalman_RSSI) refers to d2f.o(.text) for __aeabi_d2f
    main.o(i.Kalman_RSSI) refers to fflti.o(.text) for __aeabi_i2f
    main.o(i.Kalman_RSSI) refers to fmul.o(.text) for __aeabi_fmul
    main.o(i.Kalman_RSSI) refers to printfa.o(i.__0printf) for __2printf
    main.o(i.Kalman_RSSI) refers to main.o(.bss) for .bss
    main.o(i.Kalman_RSSI) refers to main.o(.data) for .data
    main.o(i.assert_nrf_callback) refers to app_error.o(i.app_error_handler) for app_error_handler
    main.o(i.ble_evt_dispatch) refers to main.o(i.on_ble_evt) for on_ble_evt
    main.o(i.ble_evt_dispatch) refers to bsp_btn_ble.o(i.bsp_btn_ble_on_ble_evt) for bsp_btn_ble_on_ble_evt
    main.o(i.ble_evt_dispatch) refers to ble_db_discovery.o(i.ble_db_discovery_on_ble_evt) for ble_db_discovery_on_ble_evt
    main.o(i.ble_evt_dispatch) refers to ble_nus_c.o(i.ble_nus_c_on_ble_evt) for ble_nus_c_on_ble_evt
    main.o(i.ble_evt_dispatch) refers to main.o(.bss) for .bss
    main.o(i.ble_nus_c_evt_handler) refers to main.o(i.scan_start) for scan_start
    main.o(i.ble_nus_c_evt_handler) refers to ble_nus_c.o(i.ble_nus_c_handles_assign) for ble_nus_c_handles_assign
    main.o(i.ble_nus_c_evt_handler) refers to app_error.o(i.app_error_handler_bare) for app_error_handler_bare
    main.o(i.ble_nus_c_evt_handler) refers to ble_nus_c.o(i.ble_nus_c_rx_notif_enable) for ble_nus_c_rx_notif_enable
    main.o(i.ble_nus_c_evt_handler) refers to app_uart_fifo.o(i.app_uart_put) for app_uart_put
    main.o(i.ble_stack_init) refers to softdevice_handler.o(i.softdevice_handler_init) for softdevice_handler_init
    main.o(i.ble_stack_init) refers to app_error.o(i.app_error_handler_bare) for app_error_handler_bare
    main.o(i.ble_stack_init) refers to softdevice_handler.o(i.softdevice_enable_get_default_config) for softdevice_enable_get_default_config
    main.o(i.ble_stack_init) refers to softdevice_handler.o(i.sd_check_ram_start) for sd_check_ram_start
    main.o(i.ble_stack_init) refers to softdevice_handler.o(i.softdevice_enable) for softdevice_enable
    main.o(i.ble_stack_init) refers to softdevice_handler.o(i.softdevice_ble_evt_handler_set) for softdevice_ble_evt_handler_set
    main.o(i.ble_stack_init) refers to main.o(.constdata) for .constdata
    main.o(i.ble_stack_init) refers to main.o(.bss) for .bss
    main.o(i.ble_stack_init) refers to main.o(i.ble_evt_dispatch) for ble_evt_dispatch
    main.o(i.bsp_event_handler) refers to bsp.o(i.bsp_indication_set) for bsp_indication_set
    main.o(i.bsp_event_handler) refers to app_error.o(i.app_error_handler_bare) for app_error_handler_bare
    main.o(i.bsp_event_handler) refers to bsp_btn_ble.o(i.bsp_btn_ble_sleep_mode_prepare) for bsp_btn_ble_sleep_mode_prepare
    main.o(i.bsp_event_handler) refers to main.o(.bss) for .bss
    main.o(i.db_disc_handler) refers to ble_nus_c.o(i.ble_nus_c_on_db_disc_evt) for ble_nus_c_on_db_disc_evt
    main.o(i.db_disc_handler) refers to main.o(.bss) for .bss
    main.o(i.distance_estimate) refers to fflti.o(.text) for __aeabi_i2f
    main.o(i.distance_estimate) refers to fadd.o(.text) for __aeabi_fsub
    main.o(i.distance_estimate) refers to fmul.o(.text) for __aeabi_fmul
    main.o(i.distance_estimate) refers to fdiv.o(.text) for __aeabi_fdiv
    main.o(i.distance_estimate) refers to f2d.o(.text) for __aeabi_f2d
    main.o(i.distance_estimate) refers to pow.o(i.pow) for pow
    main.o(i.distance_estimate) refers to d2f.o(.text) for __aeabi_d2f
    main.o(i.distance_estimate) refers to printfa.o(i.__0printf) for __2printf
    main.o(i.distance_estimate) refers to main.o(.data) for .data
    main.o(i.distance_estimate) refers to main.o(.bss) for .bss
    main.o(i.locate_device) refers to fmul.o(.text) for __aeabi_fmul
    main.o(i.locate_device) refers to fadd.o(.text) for __aeabi_frsub
    main.o(i.locate_device) refers to f2d.o(.text) for __aeabi_f2d
    main.o(i.locate_device) refers to dadd.o(.text) for __aeabi_drsub
    main.o(i.locate_device) refers to d2f.o(.text) for __aeabi_d2f
    main.o(i.locate_device) refers to dscalb.o(.text) for __ARM_scalbn
    main.o(i.locate_device) refers to fdiv.o(.text) for __aeabi_fdiv
    main.o(i.locate_device) refers to printfa.o(i.__0printf) for __2printf
    main.o(i.locate_device) refers to main.o(.bss) for .bss
    main.o(i.locate_device) refers to main.o(.data) for .data
    main.o(i.main) refers to app_timer.o(i.app_timer_init) for app_timer_init
[...]
    ..\..\..\..\..\bsp\bsp.c                 0x00000000   Number         0  bsp.o ABSOLUTE
    ..\..\..\..\..\bsp\bsp_btn_ble.c         0x00000000   Number         0  bsp_btn_ble.o ABSOLUTE
    ..\..\..\main.c                          0x00000000   Number         0  main.o ABSOLUTE
    ..\\..\\..\\..\\..\\..\\components\\ble\\ble_db_discovery\\ble_db_discovery.c 0x00000000   Number         0  ble_db_discovery.o ABSOLUTE
    ..\\..\\..\\..\\..\\..\\components\\ble\\ble_services\\ble_nus_c\\ble_nus_c.c 0x00000000   Number         0  ble_nus_c.o ABSOLUTE
    ..\\..\\..\\..\\..\\..\\components\\ble\\common\\ble_advdata.c 0x00000000   Number         0  ble_advdata.o ABSOLUTE
    ..\\..\\..\\..\\..\\..\\components\\ble\\common\\ble_conn_params.c 0x00000000   Number         0  ble_conn_params.o ABSOLUTE
    ..\\..\\..\\..\\..\\..\\components\\ble\\common\\ble_srv_common.c 0x00000000   Number         0  ble_srv_common.o ABSOLUTE
    ..\\..\\..\\..\\..\\..\\components\\drivers_nrf\\common\\nrf_drv_common.c 0x00000000   Number         0  nrf_drv_common.o ABSOLUTE
    ..\\..\\..\\..\\..\\..\\components\\drivers_nrf\\delay\\nrf_delay.c 0x00000000   Number         0  nrf_delay.o ABSOLUTE
    ..\\..\\..\\..\\..\\..\\components\\drivers_nrf\\gpiote\\nrf_drv_gpiote.c 0x00000000   Number         0  nrf_drv_gpiote.o ABSOLUTE
    ..\\..\\..\\..\\..\\..\\components\\drivers_nrf\\uart\\nrf_drv_uart.c 0x00000000   Number         0  nrf_drv_uart.o ABSOLUTE
    ..\\..\\..\\..\\..\\..\\components\\libraries\\button\\app_button.c 0x00000000   Number         0  app_button.o ABSOLUTE
    ..\\..\\..\\..\\..\\..\\components\\libraries\\fifo\\app_fifo.c 0x00000000   Number         0  app_fifo.o ABSOLUTE
    ..\\..\\..\\..\\..\\..\\components\\libraries\\timer\\app_timer.c 0x00000000   Number         0  app_timer.o ABSOLUTE
    ..\\..\\..\\..\\..\\..\\components\\libraries\\uart\\app_uart_fifo.c 0x00000000   Number         0  app_uart_fifo.o ABSOLUTE
    ..\\..\\..\\..\\..\\..\\components\\libraries\\uart\\retarget.c 0x00000000   Number         0  retarget.o ABSOLUTE
    ..\\..\\..\\..\\..\\..\\components\\libraries\\util\\app_error.c 0x00000000   Number         0  app_error.o ABSOLUTE
    ..\\..\\..\\..\\..\\..\\components\\libraries\\util\\app_error_weak.c 0x00000000   Number         0  app_error_weak.o ABSOLUTE
    ..\\..\\..\\..\\..\\..\\components\\libraries\\util\\app_util_platform.c 0x00000000   Number         0  app_util_platform.o ABSOLUTE
    ..\\..\\..\\..\\..\\..\\components\\libraries\\util\\nrf_assert.c 0x00000000   Number         0  nrf_assert.o ABSOLUTE
    ..\\..\\..\\..\\..\\..\\components\\libraries\\util\\nrf_log.c 0x00000000   Number         0  nrf_log.o ABSOLUTE
    ..\\..\\..\\..\\..\\..\\components\\softdevice\\common\\softdevice_handler\\softdevice_handler.c 0x00000000   Number         0  softdevice_handler.o ABSOLUTE
    ..\\..\\..\\..\\..\\..\\components\\toolchain\\system_nrf51.c 0x00000000   Number         0  system_nrf51.o ABSOLUTE
    ..\\..\\..\\..\\..\\bsp\\bsp.c           0x00000000   Number         0  bsp.o ABSOLUTE
    ..\\..\\..\\..\\..\\bsp\\bsp_btn_ble.c   0x00000000   Number         0  bsp_btn_ble.o ABSOLUTE
    ..\\..\\..\\main.c                       0x00000000   Number         0  main.o ABSOLUTE
    cdcmple.s                                0x00000000   Number         0  cdcmple.o ABSOLUTE
    cdrcmple.s                               0x00000000   Number         0  cdrcmple.o ABSOLUTE
    dc.s                                     0x00000000   Number         0  dc.o ABSOLUTE
    handlers.s                               0x00000000   Number         0  handlers.o ABSOLUTE
    init.s                                   0x00000000   Number         0  init.o ABSOLUTE
    RESET                                    0x0001b000   Section      192  arm_startup_nrf51.o(RESET)
    .ARM.Collect$$$$00000000                 0x0001b0c0   Section        0  entry.o(.ARM.Collect$$$$00000000)
    .ARM.Collect$$$$00000001                 0x0001b0c0   Section        4  entry2.o(.ARM.Collect$$$$00000001)
    .ARM.Collect$$$$00000004                 0x0001b0c4   Section        4  entry5.o(.ARM.Collect$$$$00000004)
    .ARM.Collect$$$$00000008                 0x0001b0c8   Section        0  entry7b.o(.ARM.Collect$$$$00000008)
    .ARM.Collect$$$$0000000A                 0x0001b0c8   Section        0  entry8b.o(.ARM.Collect$$$$0000000A)
    .ARM.Collect$$$$0000000B                 0x0001b0c8   Section        8  entry9a.o(.ARM.Collect$$$$0000000B)
    .ARM.Collect$$$$0000000D                 0x0001b0d0   Section        0  entry10a.o(.ARM.Collect$$$$0000000D)
    .ARM.Collect$$$$0000000F                 0x0001b0d0   Section        0  entry11a.o(.ARM.Collect$$$$0000000F)
    .ARM.Collect$$$$00002712                 0x0001b0d0   Section        4  entry2.o(.ARM.Collect$$$$00002712)
    __lit__00000000                          0x0001b0d0   Data           4  entry2.o(.ARM.Collect$$$$00002712)
    .emb_text                                0x0001b0d4   Section       30  nrf_delay.o(.emb_text)
    .emb_text                                0x0001b0f4   Section       30  app_timer.o(.emb_text)
    .text                                    0x0001b114   Section       56  arm_startup_nrf51.o(.text)
    .text                                    0x0001b14c   Section        0  uidiv.o(.text)
    .text                                    0x0001b178   Section        0  memcpya.o(.text)
    .text                                    0x0001b19c   Section        0  memseta.o(.text)
    .text                                    0x0001b1c0   Section        0  fadd.o(.text)
    .text                                    0x0001b272   Section        0  fmul.o(.text)
    .text                                    0x0001b2ec   Section        0  fdiv.o(.text)
    .text                                    0x0001b368   Section        0  dadd.o(.text)
    .text                                    0x0001b4cc   Section        0  dmul.o(.text)
    .text                                    0x0001b59c   Section        0  ddiv.o(.text)
    .text                                    0x0001b68c   Section        0  dscalb.o(.text)
    .text                                    0x0001b6b8   Section        0  fflti.o(.text)
    .text                                    0x0001b6ce   Section        0  f2d.o(.text)
    .text                                    0x0001b6f6   Section        0  d2f.o(.text)
    .text                                    0x0001b72e   Section        0  uldiv.o(.text)
    .text                                    0x0001b78e   Section        0  llshl.o(.text)
    .text                                    0x0001b7ae   Section        0  llsshr.o(.text)
    .text                                    0x0001b7d4   Section        0  iusefp.o(.text)
    .text                                    0x0001b7d4   Section        0  fepilogue.o(.text)
    .text                                    0x0001b858   Section        0  depilogue.o(.text)
    .text                                    0x0001b918   Section        0  dflti.o(.text)
    .text                                    0x0001b940   Section        0  dfixul.o(.text)
    .text                                    0x0001b980   Section       40  cdrcmple.o(.text)
    .text                                    0x0001b9a8   Section       36  init.o(.text)
    .text                                    0x0001b9cc   Section        0  llushr.o(.text)
    .text                                    0x0001b9ee   Section        0  dsqrt.o(.text)
    i.GPIOTE_IRQHandler                      0x0001ba90   Section        0  nrf_drv_gpiote.o(i.GPIOTE_IRQHandler)
    i.Kalman_RSSI                            0x0001bbec   Section        0  main.o(i.Kalman_RSSI)
    Kalman_RSSI                              0x0001bbed   Thumb Code   218  main.o(i.Kalman_RSSI)
    i.NVIC_SetPriority                       0x0001bd20   Section        0  app_timer.o(i.NVIC_SetPriority)
    NVIC_SetPriority                         0x0001bd21   Thumb Code    60  app_timer.o(i.NVIC_SetPriority)
    i.RTC1_IRQHandler                        0x0001bd64   Section        0  app_timer.o(i.RTC1_IRQHandler)
    i.SWI0_IRQHandler                        0x0001bd84   Section        0  app_timer.o(i.SWI0_IRQHandler)
    i.SWI2_IRQHandler                        0x0001bd8c   Section        0  softdevice_handler.o(i.SWI2_IRQHandler)
    i.SystemInit                             0x0001bdac   Section        0  system_nrf51.o(i.SystemInit)
    i.UART0_IRQHandler                       0x0001be4c   Section        0  nrf_drv_uart.o(i.UART0_IRQHandler)
    i.__0printf                              0x0001be54   Section        0  printfa.o(i.__0printf)
    i.__ARM_clz                              0x0001be74   Section        0  depilogue.o(i.__ARM_clz)
    i.__ARM_common_switch8                   0x0001bea2   Section        0  bsp.o(i.__ARM_common_switch8)
    i.__ARM_fpclassify                       0x0001bebc   Section        0  fpclassify.o(i.__ARM_fpclassify)
    i.__kernel_poly                          0x0001bee8   Section        0  poly.o(i.__kernel_poly)
    i.__mathlib_dbl_underflow                0x0001bf94   Section        0  dunder.o(i.__mathlib_dbl_underflow)
    i.__scatterload_copy                     0x0001bfa8   Section       14  handlers.o(i.__scatterload_copy)
    i.__scatterload_null                     0x0001bfb6   Section        2  handlers.o(i.__scatterload_null)
    i.__scatterload_zeroinit                 0x0001bfb8   Section       14  handlers.o(i.__scatterload_zeroinit)
    i.__set_errno                            0x0001bfc8   Section        0  errno.o(i.__set_errno)
    i._fp_digits                             0x0001bfd4   Section        0  printfa.o(i._fp_digits)
    _fp_digits                               0x0001bfd5   Thumb Code   314  printfa.o(i._fp_digits)
    i._printf_core                           0x0001c12c   Section        0  printfa.o(i._printf_core)
    _printf_core                             0x0001c12d   Thumb Code  1766  printfa.o(i._printf_core)
    i._printf_post_padding                   0x0001c824   Section        0  printfa.o(i._printf_post_padding)
    _printf_post_padding                     0x0001c825   Thumb Code    32  printfa.o(i._printf_post_padding)
    i._printf_pre_padding                    0x0001c844   Section        0  printfa.o(i._printf_pre_padding)
    _printf_pre_padding                      0x0001c845   Thumb Code    44  printfa.o(i._printf_pre_padding)
    i.advertising_buttons_configure          0x0001c870   Section        0  bsp_btn_ble.o(i.advertising_buttons_configure)
    advertising_buttons_configure            0x0001c871   Thumb Code    60  bsp_btn_ble.o(i.advertising_buttons_configure)
    i.alert_timer_handler                    0x0001c8ac   Section        0  bsp.o(i.alert_timer_handler)
    alert_timer_handler                      0x0001c8ad   Thumb Code    20  bsp.o(i.alert_timer_handler)
    i.app_button_enable                      0x0001c8c4   Section        0  app_button.o(i.app_button_enable)
    i.app_button_init                        0x0001c8e8   Section        0  app_button.o(i.app_button_init)
    i.app_error_fault_handler                0x0001c95c   Section        0  app_error_weak.o(i.app_error_fault_handler)
    i.app_error_handler_bare                 0x0001c974   Section        0  app_error.o(i.app_error_handler_bare)
    i.app_fifo_get                           0x0001c98c   Section        0  app_fifo.o(i.app_fifo_get)
    i.app_fifo_init                          0x0001c9a2   Section        0  app_fifo.o(i.app_fifo_init)
    i.app_fifo_put                           0x0001c9c6   Section        0  app_fifo.o(i.app_fifo_put)
    i.app_timer_create                       0x0001c9e0   Section        0  app_timer.o(i.app_timer_create)
    i.app_timer_init                         0x0001ca0c   Section        0  app_timer.o(i.app_timer_init)
    i.app_timer_start                        0x0001ca9c   Section        0  app_timer.o(i.app_timer_start)
    i.app_timer_stop                         0x0001cb18   Section        0  app_timer.o(i.app_timer_stop)
    i.app_uart_get                           0x0001cb6c   Section        0  app_uart_fifo.o(i.app_uart_get)
    i.app_uart_init                          0x0001cba0   Section        0  app_uart_fifo.o(i.app_uart_init)
    i.app_uart_put                           0x0001cc40   Section        0  app_uart_fifo.o(i.app_uart_put)
    i.ble_db_discovery_evt_register          0x0001cc78   Section        0  ble_db_discovery.o(i.ble_db_discovery_evt_register)
    i.ble_db_discovery_init                  0x0001ccc4   Section        0  ble_db_discovery.o(i.ble_db_discovery_init)
    i.ble_db_discovery_on_ble_evt            0x0001cce4   Section        0  ble_db_discovery.o(i.ble_db_discovery_on_ble_evt)
    i.ble_db_discovery_start                 0x0001cd38   Section        0  ble_db_discovery.o(i.ble_db_discovery_start)
    i.ble_evt_dispatch                       0x0001cd98   Section        0  main.o(i.ble_evt_dispatch)
    ble_evt_dispatch                         0x0001cd99   Thumb Code    34  main.o(i.ble_evt_dispatch)
    i.ble_nus_c_evt_handler                  0x0001cdc0   Section        0  main.o(i.ble_nus_c_evt_handler)
    ble_nus_c_evt_handler                    0x0001cdc1   Thumb Code    88  main.o(i.ble_nus_c_evt_handler)
    i.ble_nus_c_handles_assign               0x0001ce18   Section        0  ble_nus_c.o(i.ble_nus_c_handles_assign)
    i.ble_nus_c_init                         0x0001ce38   Section        0  ble_nus_c.o(i.ble_nus_c_init)
    i.ble_nus_c_on_ble_evt                   0x0001ce84   Section        0  ble_nus_c.o(i.ble_nus_c_on_ble_evt)
    i.ble_nus_c_on_db_disc_evt               0x0001ceec   Section        0  ble_nus_c.o(i.ble_nus_c_on_db_disc_evt)
    i.ble_nus_c_rx_notif_enable              0x0001cf58   Section        0  ble_nus_c.o(i.ble_nus_c_rx_notif_enable)
    i.ble_nus_c_string_send                  0x0001cfa0   Section        0  ble_nus_c.o(i.ble_nus_c_string_send)
    i.ble_stack_init                         0x0001cfe4   Section        0  main.o(i.ble_stack_init)
    ble_stack_init                           0x0001cfe5   Thumb Code    94  main.o(i.ble_stack_init)
    i.bsp_btn_ble_init                       0x0001d054   Section        0  bsp_btn_ble.o(i.bsp_btn_ble_init)
    i.bsp_btn_ble_on_ble_evt                 0x0001d0a8   Section        0  bsp_btn_ble.o(i.bsp_btn_ble_on_ble_evt)
    i.bsp_btn_ble_sleep_mode_prepare         0x0001d120   Section        0  bsp_btn_ble.o(i.bsp_btn_ble_sleep_mode_prepare)
    i.bsp_button_event_handler               0x0001d134   Section        0  bsp.o(i.bsp_button_event_handler)
    bsp_button_event_handler                 0x0001d135   Thumb Code   148  bsp.o(i.bsp_button_event_handler)
    i.bsp_button_is_pressed                  0x0001d1d4   Section        0  bsp.o(i.bsp_button_is_pressed)
    i.bsp_event_handler                      0x0001d200   Section        0  main.o(i.bsp_event_handler)
    i.bsp_event_to_button_action_assign      0x0001d244   Section        0  bsp.o(i.bsp_event_to_button_action_assign)
    i.bsp_indication_set                     0x0001d28c   Section        0  bsp.o(i.bsp_indication_set)
    i.bsp_init                               0x0001d2a8   Section        0  bsp.o(i.bsp_init)
    i.bsp_led_indication                     0x0001d348   Section        0  bsp.o(i.bsp_led_indication)
    bsp_led_indication                       0x0001d349   Thumb Code   492  bsp.o(i.bsp_led_indication)
    i.bsp_wakeup_buttons_set                 0x0001d540   Section        0  bsp.o(i.bsp_wakeup_buttons_set)
    i.button_timer_handler                   0x0001d57c   Section        0  bsp.o(i.button_timer_handler)
    button_timer_handler                     0x0001d57d   Thumb Code    12  bsp.o(i.button_timer_handler)
    i.channel_free                           0x0001d588   Section        0  nrf_drv_gpiote.o(i.channel_free)
    channel_free                             0x0001d589   Thumb Code    22  nrf_drv_gpiote.o(i.channel_free)
    i.channel_port_alloc                     0x0001d5a4   Section        0  nrf_drv_gpiote.o(i.channel_port_alloc)
    channel_port_alloc                       0x0001d5a5   Thumb Code    66  nrf_drv_gpiote.o(i.channel_port_alloc)
    i.channel_port_get                       0x0001d5ec   Section        0  nrf_drv_gpiote.o(i.channel_port_get)
    channel_port_get                         0x0001d5ed   Thumb Code    10  nrf_drv_gpiote.o(i.channel_port_get)
    i.characteristics_discover               0x0001d5fc   Section        0  ble_db_discovery.o(i.characteristics_discover)
    characteristics_discover                 0x0001d5fd   Thumb Code    60  ble_db_discovery.o(i.characteristics_discover)
    i.compare_reg_update                     0x0001d638   Section        0  app_timer.o(i.compare_reg_update)
    compare_reg_update                       0x0001d639   Thumb Code   142  app_timer.o(i.compare_reg_update)
    i.db_disc_handler                        0x0001d6e0   Section        0  main.o(i.db_disc_handler)
    db_disc_handler                          0x0001d6e1   Thumb Code    12  main.o(i.db_disc_handler)
    i.descriptors_discover                   0x0001d6f0   Section        0  ble_db_discovery.o(i.descriptors_discover)
    descriptors_discover                     0x0001d6f1   Thumb Code   132  ble_db_discovery.o(i.descriptors_discover)
    i.detection_delay_timeout_handler        0x0001d774   Section        0  app_button.o(i.detection_delay_timeout_handler)
    detection_delay_timeout_handler          0x0001d775   Thumb Code    92  app_button.o(i.detection_delay_timeout_handler)
    i.discovery_complete_evt_trigger         0x0001d7d4   Section        0  ble_db_discovery.o(i.discovery_complete_evt_trigger)
    discovery_complete_evt_trigger           0x0001d7d5   Thumb Code   132  ble_db_discovery.o(i.discovery_complete_evt_trigger)
    i.discovery_error_evt_trigger            0x0001d860   Section        0  ble_db_discovery.o(i.discovery_error_evt_trigger)
    discovery_error_evt_trigger              0x0001d861   Thumb Code    44  ble_db_discovery.o(i.discovery_error_evt_trigger)
    i.distance_estimate                      0x0001d88c   Section        0  main.o(i.distance_estimate)
    distance_estimate                        0x0001d88d   Thumb Code   108  main.o(i.distance_estimate)
    i.elapsed_ticks_acquire                  0x0001d930   Section        0  app_timer.o(i.elapsed_ticks_acquire)
    elapsed_ticks_acquire                    0x0001d931   Thumb Code    58  app_timer.o(i.elapsed_ticks_acquire)
    i.fifo_get                               0x0001d970   Section        0  app_fifo.o(i.fifo_get)
    fifo_get                                 0x0001d971   Thumb Code    20  app_fifo.o(i.fifo_get)
    i.fifo_put                               0x0001d984   Section        0  app_fifo.o(i.fifo_put)
    fifo_put                                 0x0001d985   Thumb Code    18  app_fifo.o(i.fifo_put)
    i.fputc                                  0x0001d996   Section        0  retarget.o(i.fputc)
    i.gpiote_event_handler                   0x0001d9a4   Section        0  app_button.o(i.gpiote_event_handler)
    gpiote_event_handler                     0x0001d9a5   Thumb Code    74  app_button.o(i.gpiote_event_handler)
    i.intern_softdevice_events_execute       0x0001d9f8   Section        0  softdevice_handler.o(i.intern_softdevice_events_execute)
    i.is_desc_discovery_reqd                 0x0001da70   Section        0  ble_db_discovery.o(i.is_desc_discovery_reqd)
    is_desc_discovery_reqd                   0x0001da71   Thumb Code    68  ble_db_discovery.o(i.is_desc_discovery_reqd)
    i.is_manual_peripheral_setup_needed      0x0001dab4   Section        0  system_nrf51.o(i.is_manual_peripheral_setup_needed)
    is_manual_peripheral_setup_needed        0x0001dab5   Thumb Code    66  system_nrf51.o(i.is_manual_peripheral_setup_needed)
    i.is_uuid_present                        0x0001dafc   Section        0  main.o(i.is_uuid_present)
    is_uuid_present                          0x0001dafd   Thumb Code   226  main.o(i.is_uuid_present)
    i.leds_timer_handler                     0x0001dbe0   Section        0  bsp.o(i.leds_timer_handler)
    leds_timer_handler                       0x0001dbe1   Thumb Code    18  bsp.o(i.leds_timer_handler)
    i.list_deletions_handler                 0x0001dbf8   Section        0  app_timer.o(i.list_deletions_handler)
    list_deletions_handler                   0x0001dbf9   Thumb Code   180  app_timer.o(i.list_deletions_handler)
    i.list_insertions_handler                0x0001dcb4   Section        0  app_timer.o(i.list_insertions_handler)
    list_insertions_handler                  0x0001dcb5   Thumb Code   202  app_timer.o(i.list_insertions_handler)
    i.locate_device                          0x0001dd88   Section        0  main.o(i.locate_device)
    locate_device                            0x0001dd89   Thumb Code   256  main.o(i.locate_device)
    i.main                                   0x0001deec   Section        0  main.o(i.main)
    i.nrf_delay_ms                           0x0001dfbc   Section        0  nrf_delay.o(i.nrf_delay_ms)
    i.nrf_drv_common_irq_enable              0x0001dfd8   Section        0  nrf_drv_common.o(i.nrf_drv_common_irq_enable)
    i.nrf_drv_gpiote_in_event_enable         0x0001e038   Section        0  nrf_drv_gpiote.o(i.nrf_drv_gpiote_in_event_enable)
    i.nrf_drv_gpiote_in_init                 0x0001e0d8   Section        0  nrf_drv_gpiote.o(i.nrf_drv_gpiote_in_init)
    i.nrf_drv_gpiote_in_is_set               0x0001e174   Section        0  nrf_drv_gpiote.o(i.nrf_drv_gpiote_in_is_set)
    i.nrf_drv_gpiote_init                    0x0001e188   Section        0  nrf_drv_gpiote.o(i.nrf_drv_gpiote_init)
    i.nrf_drv_gpiote_is_init                 0x0001e1dc   Section        0  nrf_drv_gpiote.o(i.nrf_drv_gpiote_is_init)
    i.nrf_drv_uart_init                      0x0001e1ec   Section        0  nrf_drv_uart.o(i.nrf_drv_uart_init)
    i.nrf_drv_uart_rx                        0x0001e2bc   Section        0  nrf_drv_uart.o(i.nrf_drv_uart_rx)
    i.nrf_drv_uart_rx_enable                 0x0001e308   Section        0  nrf_drv_uart.o(i.nrf_drv_uart_rx_enable)
    i.nrf_drv_uart_rx_for_uart               0x0001e320   Section        0  nrf_drv_uart.o(i.nrf_drv_uart_rx_for_uart)
    nrf_drv_uart_rx_for_uart                 0x0001e321   Thumb Code   144  nrf_drv_uart.o(i.nrf_drv_uart_rx_for_uart)
    i.nrf_drv_uart_tx                        0x0001e3bc   Section        0  nrf_drv_uart.o(i.nrf_drv_uart_tx)
    i.nrf_drv_uart_tx_for_uart               0x0001e3e0   Section        0  nrf_drv_uart.o(i.nrf_drv_uart_tx_for_uart)
    nrf_drv_uart_tx_for_uart                 0x0001e3e1   Thumb Code   108  nrf_drv_uart.o(i.nrf_drv_uart_tx_for_uart)
    i.nrf_drv_uart_tx_in_progress            0x0001e454   Section        0  nrf_drv_uart.o(i.nrf_drv_uart_tx_in_progress)
    i.nrf_gpio_cfg                           0x0001e464   Section        0  nrf_drv_gpiote.o(i.nrf_gpio_cfg)
    nrf_gpio_cfg                             0x0001e465   Thumb Code    32  nrf_drv_gpiote.o(i.nrf_gpio_cfg)
    i.nrf_gpio_cfg                           0x0001e488   Section        0  nrf_drv_uart.o(i.nrf_gpio_cfg)
    nrf_gpio_cfg                             0x0001e489   Thumb Code    32  nrf_drv_uart.o(i.nrf_gpio_cfg)
    i.nrf_gpio_cfg_input                     0x0001e4ac   Section        0  nrf_drv_uart.o(i.nrf_gpio_cfg_input)
    nrf_gpio_cfg_input                       0x0001e4ad   Thumb Code    18  nrf_drv_uart.o(i.nrf_gpio_cfg_input)
    i.nrf_gpio_cfg_output                    0x0001e4be   Section        0  nrf_drv_uart.o(i.nrf_gpio_cfg_output)
    nrf_gpio_cfg_output                      0x0001e4bf   Thumb Code    20  nrf_drv_uart.o(i.nrf_gpio_cfg_output)
    i.nrf_gpio_cfg_sense_set                 0x0001e4d4   Section        0  nrf_drv_gpiote.o(i.nrf_gpio_cfg_sense_set)
    nrf_gpio_cfg_sense_set                   0x0001e4d5   Thumb Code    26  nrf_drv_gpiote.o(i.nrf_gpio_cfg_sense_set)
    i.nrf_gpiote_event_is_set                0x0001e4f4   Section        0  nrf_drv_gpiote.o(i.nrf_gpiote_event_is_set)
    nrf_gpiote_event_is_set                  0x0001e4f5   Thumb Code    14  nrf_drv_gpiote.o(i.nrf_gpiote_event_is_set)
    i.nrf_uart_errorsrc_get_and_clear        0x0001e508   Section        0  nrf_drv_uart.o(i.nrf_uart_errorsrc_get_and_clear)
    nrf_uart_errorsrc_get_and_clear          0x0001e509   Thumb Code    12  nrf_drv_uart.o(i.nrf_uart_errorsrc_get_and_clear)
    i.nrf_uart_event_check                   0x0001e514   Section        0  nrf_drv_uart.o(i.nrf_uart_event_check)
    nrf_uart_event_check                     0x0001e515   Thumb Code    10  nrf_drv_uart.o(i.nrf_uart_event_check)
    i.nrf_uart_hwfc_pins_set                 0x0001e51e   Section        0  nrf_drv_uart.o(i.nrf_uart_hwfc_pins_set)
    nrf_uart_hwfc_pins_set                   0x0001e51f   Thumb Code    12  nrf_drv_uart.o(i.nrf_uart_hwfc_pins_set)
    i.nrf_uart_int_enable_check              0x0001e52a   Section        0  nrf_drv_uart.o(i.nrf_uart_int_enable_check)
    nrf_uart_int_enable_check                0x0001e52b   Thumb Code    16  nrf_drv_uart.o(i.nrf_uart_int_enable_check)
    i.nrf_uart_txrx_pins_set                 0x0001e53a   Section        0  nrf_drv_uart.o(i.nrf_uart_txrx_pins_set)
    nrf_uart_txrx_pins_set                   0x0001e53b   Thumb Code    12  nrf_drv_uart.o(i.nrf_uart_txrx_pins_set)
    i.on_ble_evt                             0x0001e548   Section        0  main.o(i.on_ble_evt)
    on_ble_evt                               0x0001e549   Thumb Code   206  main.o(i.on_ble_evt)
    i.on_characteristic_discovery_rsp        0x0001e624   Section        0  ble_db_discovery.o(i.on_characteristic_discovery_rsp)
    on_characteristic_discovery_rsp          0x0001e625   Thumb Code   228  ble_db_discovery.o(i.on_characteristic_discovery_rsp)
    i.on_descriptor_discovery_rsp            0x0001e70c   Section        0  ble_db_discovery.o(i.on_descriptor_discovery_rsp)
    on_descriptor_discovery_rsp              0x0001e70d   Thumb Code   180  ble_db_discovery.o(i.on_descriptor_discovery_rsp)
    i.on_primary_srv_discovery_rsp           0x0001e7c8   Section        0  ble_db_discovery.o(i.on_primary_srv_discovery_rsp)
    on_primary_srv_discovery_rsp             0x0001e7c9   Thumb Code   104  ble_db_discovery.o(i.on_primary_srv_discovery_rsp)
    i.on_srv_disc_completion                 0x0001e834   Section        0  ble_db_discovery.o(i.on_srv_disc_completion)
    on_srv_disc_completion                   0x0001e835   Thumb Code    98  ble_db_discovery.o(i.on_srv_disc_completion)
    i.pin_in_use_by_gpiote                   0x0001e8a0   Section        0  nrf_drv_gpiote.o(i.pin_in_use_by_gpiote)
    pin_in_use_by_gpiote                     0x0001e8a1   Thumb Code    14  nrf_drv_gpiote.o(i.pin_in_use_by_gpiote)
    i.pin_in_use_by_port                     0x0001e8b4   Section        0  nrf_drv_gpiote.o(i.pin_in_use_by_port)
    pin_in_use_by_port                       0x0001e8b5   Thumb Code    20  nrf_drv_gpiote.o(i.pin_in_use_by_port)
    i.pin_in_use_by_te                       0x0001e8cc   Section        0  nrf_drv_gpiote.o(i.pin_in_use_by_te)
    pin_in_use_by_te                         0x0001e8cd   Thumb Code    20  nrf_drv_gpiote.o(i.pin_in_use_by_te)
    i.pow                                    0x0001e8e4   Section        0  pow.o(i.pow)
    i.registered_handler_get                 0x0001f2cc   Section        0  ble_db_discovery.o(i.registered_handler_get)
    registered_handler_get                   0x0001f2cd   Thumb Code    46  ble_db_discovery.o(i.registered_handler_get)
    i.rtc1_stop                              0x0001f304   Section        0  app_timer.o(i.rtc1_stop)
    rtc1_stop                                0x0001f305   Thumb Code    50  app_timer.o(i.rtc1_stop)
    i.rx_byte                                0x0001f348   Section        0  nrf_drv_uart.o(i.rx_byte)
    rx_byte                                  0x0001f349   Thumb Code    42  nrf_drv_uart.o(i.rx_byte)
    i.rx_done_event                          0x0001f380   Section        0  nrf_drv_uart.o(i.rx_done_event)
    rx_done_event                            0x0001f381   Thumb Code    22  nrf_drv_uart.o(i.rx_done_event)
    i.rx_enable                              0x0001f39c   Section        0  nrf_drv_uart.o(i.rx_enable)
    rx_enable                                0x0001f39d   Thumb Code    22  nrf_drv_uart.o(i.rx_enable)
    i.scan_start                             0x0001f3b8   Section        0  main.o(i.scan_start)
    scan_start                               0x0001f3b9   Thumb Code    30  main.o(i.scan_start)
    i.sd_check_ram_start                     0x0001f3dc   Section        0  softdevice_handler.o(i.sd_check_ram_start)
    i.sd_nvic_EnableIRQ                      0x0001f3ec   Section        0  softdevice_handler.o(i.sd_nvic_EnableIRQ)
    sd_nvic_EnableIRQ                        0x0001f3ed   Thumb Code   116  softdevice_handler.o(i.sd_nvic_EnableIRQ)
    i.softdevice_ble_evt_handler_set         0x0001f478   Section        0  softdevice_handler.o(i.softdevice_ble_evt_handler_set)
    i.softdevice_enable                      0x0001f48c   Section        0  softdevice_handler.o(i.softdevice_enable)
    i.softdevice_enable_get_default_config   0x0001f4a0   Section        0  softdevice_handler.o(i.softdevice_enable_get_default_config)
    i.softdevice_fault_handler               0x0001f4c8   Section        0  softdevice_handler.o(i.softdevice_fault_handler)
    i.softdevice_handler_init                0x0001f4d0   Section        0  softdevice_handler.o(i.softdevice_handler_init)
    i.sqrt                                   0x0001f504   Section        0  sqrt.o(i.sqrt)
    i.timer_list_handler                     0x0001f54c   Section        0  app_timer.o(i.timer_list_handler)
    timer_list_handler                       0x0001f54d   Thumb Code   128  app_timer.o(i.timer_list_handler)
    i.timer_list_handler_sched               0x0001f5d0   Section        0  app_timer.o(i.timer_list_handler_sched)
    timer_list_handler_sched                 0x0001f5d1   Thumb Code    10  app_timer.o(i.timer_list_handler_sched)
    i.timer_list_insert                      0x0001f5e0   Section        0  app_timer.o(i.timer_list_insert)
    timer_list_insert                        0x0001f5e1   Thumb Code    60  app_timer.o(i.timer_list_insert)
    i.timer_timeouts_check                   0x0001f620   Section        0  app_timer.o(i.timer_timeouts_check)
    timer_timeouts_check                     0x0001f621   Thumb Code   118  app_timer.o(i.timer_timeouts_check)
    i.tx_byte                                0x0001f6a0   Section        0  nrf_drv_uart.o(i.tx_byte)
    tx_byte                                  0x0001f6a1   Thumb Code    30  nrf_drv_uart.o(i.tx_byte)
    i.tx_done_event                          0x0001f6cc   Section        0  nrf_drv_uart.o(i.tx_done_event)
    tx_done_event                            0x0001f6cd   Thumb Code    26  nrf_drv_uart.o(i.tx_done_event)
    i.uart_event_handle                      0x0001f6ec   Section        0  main.o(i.uart_event_handle)
    i.uart_event_handler                     0x0001f744   Section        0  app_uart_fifo.o(i.uart_event_handler)
    uart_event_handler                       0x0001f745   Thumb Code   166  app_uart_fifo.o(i.uart_event_handler)
    i.uart_irq_handler                       0x0001f7f4   Section        0  nrf_drv_uart.o(i.uart_irq_handler)
    uart_irq_handler                         0x0001f7f5   Thumb Code   278  nrf_drv_uart.o(i.uart_irq_handler)
    i.user_id_get                            0x0001f918   Section        0  app_timer.o(i.user_id_get)
    user_id_get                              0x0001f919   Thumb Code    76  app_timer.o(i.user_id_get)
    i.user_op_alloc                          0x0001f96c   Section        0  app_timer.o(i.user_op_alloc)
    user_op_alloc                            0x0001f96d   Thumb Code    38  app_timer.o(i.user_op_alloc)
    .constdata                               0x0001f994   Section       44  main.o(.constdata)
    m_nus_uuid                               0x0001f994   Data           4  main.o(.constdata)
    m_connection_param                       0x0001f99c   Data           8  main.o(.constdata)
    m_scan_params                            0x0001f9a4   Data          16  main.o(.constdata)
    .constdata                               0x0001f9c0   Section       60  bsp.o(.constdata)
    m_leds_timer_id                          0x0001f9c0   Data           4  bsp.o(.constdata)
    m_alert_timer_id                         0x0001f9c4   Data           4  bsp.o(.constdata)
    m_button_timer_id                        0x0001f9c8   Data           4  bsp.o(.constdata)
    m_buttons_list                           0x0001f9cc   Data          16  bsp.o(.constdata)
    app_buttons                              0x0001f9dc   Data          32  bsp.o(.constdata)
    .constdata                               0x0001f9fc   Section       40  ble_nus_c.o(.constdata)
    .constdata                               0x0001fa24   Section       32  app_uart_fifo.o(.constdata)
    .constdata                               0x0001fa44   Section       32  nrf_drv_uart.o(.constdata)
    m_default_config                         0x0001fa44   Data          32  nrf_drv_uart.o(.constdata)
    .constdata                               0x0001fa64   Section        8  app_button.o(.constdata)
    m_detection_delay_timer_id               0x0001fa64   Data           4  app_button.o(.constdata)
    .constdata                               0x0001fa70   Section      136  pow.o(.constdata)
    bp                                       0x0001fa70   Data          16  pow.o(.constdata)
    dp_h                                     0x0001fa80   Data          16  pow.o(.constdata)
    dp_l                                     0x0001fa90   Data          16  pow.o(.constdata)
    L                                        0x0001faa0   Data          48  pow.o(.constdata)
    P                                        0x0001fad0   Data          40  pow.o(.constdata)
    .constdata                               0x0001faf8   Section        8  qnan.o(.constdata)
    .data                                    0x20001eb0   Section       68  main.o(.data)
    index                                    0x20001eb0   Data           1  main.o(.data)
    .data                                    0x20001ef4   Section       24  bsp.o(.data)
    m_stable_state                           0x20001ef4   Data           1  bsp.o(.data)
    current_long_push_pin_no                 0x20001ef5   Data           1  bsp.o(.data)
    m_app_ticks_per_100ms                    0x20001ef8   Data           4  bsp.o(.data)
    m_indication_type                        0x20001efc   Data           4  bsp.o(.data)
    m_alert_mask                             0x20001f00   Data           4  bsp.o(.data)
    m_registered_callback                    0x20001f04   Data           4  bsp.o(.data)
    release_event_at_push                    0x20001f08   Data           4  bsp.o(.data)
    .data                                    0x20001f0c   Section        8  bsp_btn_ble.o(.data)
    m_error_handler                          0x20001f0c   Data           4  bsp_btn_ble.o(.data)
    m_num_connections                        0x20001f10   Data           4  bsp_btn_ble.o(.data)
    .data                                    0x20001f14   Section        4  system_nrf51.o(.data)
    __tagsym$$used                           0x20001f14   Number         0  system_nrf51.o(.data)
    .data                                    0x20001f18   Section       16  ble_db_discovery.o(.data)
    m_initialized                            0x20001f18   Data           1  ble_db_discovery.o(.data)
    m_evt_handler                            0x20001f1c   Data           4  ble_db_discovery.o(.data)
    m_pending_usr_evt_index                  0x20001f20   Data           4  ble_db_discovery.o(.data)
    m_num_of_handlers_reg                    0x20001f24   Data           4  ble_db_discovery.o(.data)
    .data                                    0x20001f28   Section        8  app_uart_fifo.o(.data)
    tx_buffer                                0x20001f28   Data           1  app_uart_fifo.o(.data)
    rx_buffer                                0x20001f29   Data           1  app_uart_fifo.o(.data)
    m_event_handler                          0x20001f2c   Data           4  app_uart_fifo.o(.data)
    .data                                    0x20001f30   Section       20  app_button.o(.data)
    m_button_count                           0x20001f30   Data           1  app_button.o(.data)
    mp_buttons                               0x20001f34   Data           4  app_button.o(.data)
    m_detection_delay                        0x20001f38   Data           4  app_button.o(.data)
    m_pin_state                              0x20001f3c   Data           4  app_button.o(.data)
    m_pin_transition                         0x20001f40   Data           4  app_button.o(.data)
    .data                                    0x20001f44   Section       32  app_timer.o(.data)
    m_user_array_size                        0x20001f44   Data           1  app_timer.o(.data)
    m_ticks_elapsed_q_read_ind               0x20001f45   Data           1  app_timer.o(.data)
    m_ticks_elapsed_q_write_ind              0x20001f46   Data           1  app_timer.o(.data)
    m_rtc1_running                           0x20001f47   Data           1  app_timer.o(.data)
    m_rtc1_reset                             0x20001f48   Data           1  app_timer.o(.data)
    mp_users                                 0x20001f4c   Data           4  app_timer.o(.data)
    mp_timer_id_head                         0x20001f50   Data           4  app_timer.o(.data)
    m_ticks_latest                           0x20001f54   Data           4  app_timer.o(.data)
    m_evt_schedule_func                      0x20001f58   Data           4  app_timer.o(.data)
    m_ticks_elapsed                          0x20001f5c   Data           8  app_timer.o(.data)
    .data                                    0x20001f64   Section        4  retarget.o(.data)
    .data                                    0x20001f68   Section       28  softdevice_handler.o(.data)
    m_softdevice_enabled                     0x20001f68   Data           1  softdevice_handler.o(.data)
    m_ble_evt_buffer_size                    0x20001f6a   Data           2  softdevice_handler.o(.data)
    m_evt_schedule_func                      0x20001f6c   Data           4  softdevice_handler.o(.data)
    mp_ble_evt_buffer                        0x20001f70   Data           4  softdevice_handler.o(.data)
    m_ble_evt_handler                        0x20001f74   Data           4  softdevice_handler.o(.data)
    m_sys_evt_handler                        0x20001f78   Data           4  softdevice_handler.o(.data)
    .data                                    0x20001f84   Section        4  errno.o(.data)
    _errno                                   0x20001f84   Data           4  errno.o(.data)
    .bss                                     0x20001f88   Section     1504  main.o(.bss)
    data_array                               0x20001fa8   Data          20  main.o(.bss)
    BLE_EVT_BUFFER                           0x20001fbc   Data          72  main.o(.bss)
    rx_buf                                   0x20002004   Data         256  main.o(.bss)
    tx_buf                                   0x20002104   Data         256  main.o(.bss)
    APP_TIMER_BUF                            0x20002204   Data         312  main.o(.bss)
    m_ble_nus_c                              0x2000233c   Data          16  main.o(.bss)
    m_ble_db_discovery                       0x2000234c   Data         428  main.o(.bss)
    .bss                                     0x20002568   Section       32  bsp.o(.bss)
    m_leds_timer_id_data                     0x20002568   Data          32  bsp.o(.bss)
    .bss                                     0x20002588   Section       32  bsp.o(.bss)
    m_alert_timer_id_data                    0x20002588   Data          32  bsp.o(.bss)
    .bss                                     0x200025a8   Section       12  bsp.o(.bss)
    m_events_list                            0x200025a8   Data          12  bsp.o(.bss)
    .bss                                     0x200025b4   Section       32  bsp.o(.bss)
    m_button_timer_id_data                   0x200025b4   Data          32  bsp.o(.bss)
    .bss                                     0x200025d4   Section      504  ble_db_discovery.o(.bss)
    m_registered_handlers                    0x200025d4   Data          24  ble_db_discovery.o(.bss)
    m_pending_user_evts                      0x200025ec   Data         480  ble_db_discovery.o(.bss)
    .bss                                     0x200027cc   Section       32  app_uart_fifo.o(.bss)
    m_rx_fifo                                0x200027cc   Data          16  app_uart_fifo.o(.bss)
    m_tx_fifo                                0x200027dc   Data          16  app_uart_fifo.o(.bss)
    .bss                                     0x200027ec   Section       72  nrf_drv_gpiote.o(.bss)
    m_cb                                     0x200027ec   Data          72  nrf_drv_gpiote.o(.bss)
    .bss                                     0x20002834   Section       28  nrf_drv_uart.o(.bss)
    m_cb                                     0x20002834   Data          28  nrf_drv_uart.o(.bss)
    .bss                                     0x20002850   Section       32  app_button.o(.bss)
    m_detection_delay_timer_id_data          0x20002850   Data          32  app_button.o(.bss)
    STACK                                    0x20002870   Section     2048  arm_startup_nrf51.o(STACK)

    Global Symbols

    Symbol Name                              Value     Ov Type        Size  Object(Section)

    BuildAttributes$$THM_ISAv3M$S$PE$A:L22$X:L11$S22$IEEE1$IW$USESV6$~STKCKD$USESV7$~SHL$OTIME$ROPI$IEEEX$EBA8$MICROLIB$REQ8$PRES8$EABIv2 0x00000000   Number         0  anon$$obj.o ABSOLUTE
    __ARM_use_no_argv                        0x00000000   Number         0  main.o ABSOLUTE
    _printf_a                                0x00000000   Number         0  stubs.o ABSOLUTE
    _printf_c                                0x00000000   Number         0  stubs.o ABSOLUTE
    _printf_charcount                        0x00000000   Number         0  stubs.o ABSOLUTE
    _printf_d                                0x00000000   Number         0  stubs.o ABSOLUTE
    _printf_e                                0x00000000   Number         0  stubs.o ABSOLUTE
    _printf_f                                0x00000000   Number         0  stubs.o ABSOLUTE
    _printf_flags                            0x00000000   Number         0  stubs.o ABSOLUTE
    _printf_fp_dec                           0x00000000   Number         0  stubs.o ABSOLUTE
    _printf_fp_hex                           0x00000000   Number         0  stubs.o ABSOLUTE
    _printf_g                                0x00000000   Number         0  stubs.o ABSOLUTE
    _printf_i                                0x00000000   Number         0  stubs.o ABSOLUTE
    _printf_int_dec                          0x00000000   Number         0  stubs.o ABSOLUTE
    _printf_l                                0x00000000   Number         0  stubs.o ABSOLUTE
    _printf_lc                               0x00000000   Number         0  stubs.o ABSOLUTE
    _printf_ll                               0x00000000   Number         0  stubs.o ABSOLUTE
    _printf_lld                              0x00000000   Number         0  stubs.o ABSOLUTE
    _printf_lli                              0x00000000   Number         0  stubs.o ABSOLUTE
    _printf_llo                              0x00000000   Number         0  stubs.o ABSOLUTE
    _printf_llu                              0x00000000   Number         0  stubs.o ABSOLUTE
    _printf_llx                              0x00000000   Number         0  stubs.o ABSOLUTE
    _printf_longlong_dec                     0x00000000   Number         0  stubs.o ABSOLUTE
    _printf_longlong_hex                     0x00000000   Number         0  stubs.o ABSOLUTE
    _printf_longlong_oct                     0x00000000   Number         0  stubs.o ABSOLUTE
    _printf_ls                               0x00000000   Number         0  stubs.o ABSOLUTE
    _printf_mbtowc                           0x00000000   Number         0  stubs.o ABSOLUTE
    _printf_n                                0x00000000   Number         0  stubs.o ABSOLUTE
    _printf_o                                0x00000000   Number         0  stubs.o ABSOLUTE
    _printf_p                                0x00000000   Number         0  stubs.o ABSOLUTE
    _printf_percent                          0x00000000   Number         0  stubs.o ABSOLUTE
    _printf_pre_padding                      0x00000000   Number         0  stubs.o ABSOLUTE
    _printf_return_value                     0x00000000   Number         0  stubs.o ABSOLUTE
    _printf_s                                0x00000000   Number         0  stubs.o ABSOLUTE
    _printf_sizespec                         0x00000000   Number         0  stubs.o ABSOLUTE
    _printf_str                              0x00000000   Number         0  stubs.o ABSOLUTE
    _printf_truncate_signed                  0x00000000   Number         0  stubs.o ABSOLUTE
    _printf_truncate_unsigned                0x00000000   Number         0  stubs.o ABSOLUTE
    _printf_u                                0x00000000   Number         0  stubs.o ABSOLUTE
    _printf_wc                               0x00000000   Number         0  stubs.o ABSOLUTE
    _printf_wctomb                           0x00000000   Number         0  stubs.o ABSOLUTE
    _printf_widthprec                        0x00000000   Number         0  stubs.o ABSOLUTE
    _printf_x                                0x00000000   Number         0  stubs.o ABSOLUTE
    __cpp_initialize__aeabi_                  - Undefined Weak Reference
    __cxa_finalize                            - Undefined Weak Reference
    __decompress                              - Undefined Weak Reference
    _clock_init                               - Undefined Weak Reference
    _microlib_exit                            - Undefined Weak Reference
    __Vectors_Size                           0x000000c0   Number         0  arm_startup_nrf51.o ABSOLUTE
    __Vectors                                0x0001b000   Data           4  arm_startup_nrf51.o(RESET)
    __Vectors_End                            0x0001b0c0   Data           0  arm_startup_nrf51.o(RESET)
    __main                                   0x0001b0c1   Thumb Code     0  entry.o(.ARM.Collect$$$$00000000)
    _main_stk                                0x0001b0c1   Thumb Code     0  entry2.o(.ARM.Collect$$$$00000001)
    _main_scatterload                        0x0001b0c5   Thumb Code     0  entry5.o(.ARM.Collect$$$$00000004)
    __main_after_scatterload                 0x0001b0c9   Thumb Code     0  entry5.o(.ARM.Collect$$$$00000004)
    _main_clock                              0x0001b0c9   Thumb Code     0  entry7b.o(.ARM.Collect$$$$00000008)
    _main_cpp_init                           0x0001b0c9   Thumb Code     0  entry8b.o(.ARM.Collect$$$$0000000A)
    _main_init                               0x0001b0c9   Thumb Code     0  entry9a.o(.ARM.Collect$$$$0000000B)
    __rt_final_cpp                           0x0001b0d1   Thumb Code     0  entry10a.o(.ARM.Collect$$$$0000000D)
    __rt_final_exit                          0x0001b0d1   Thumb Code     0  entry11a.o(.ARM.Collect$$$$0000000F)
    __asm___11_nrf_delay_c_532987f3__nrf_delay_us 0x0001b0d5   Thumb Code    30  nrf_delay.o(.emb_text)
    __asm___11_app_timer_c_cd27f9c3__nrf_delay_us 0x0001b0f5   Thumb Code    30  app_timer.o(.emb_text)
    Reset_Handler                            0x0001b115   Thumb Code    26  arm_startup_nrf51.o(.text)
    NMI_Handler                              0x0001b12f   Thumb Code     2  arm_startup_nrf51.o(.text)
    HardFault_Handler                        0x0001b131   Thumb Code     2  arm_startup_nrf51.o(.text)
    SVC_Handler                              0x0001b133   Thumb Code     2  arm_startup_nrf51.o(.text)
    PendSV_Handler                           0x0001b135   Thumb Code     2  arm_startup_nrf51.o(.text)
    SysTick_Handler                          0x0001b137   Thumb Code     2  arm_startup_nrf51.o(.text)
    ADC_IRQHandler                           0x0001b139   Thumb Code     0  arm_startup_nrf51.o(.text)
    CCM_AAR_IRQHandler                       0x0001b139   Thumb Code     0  arm_startup_nrf51.o(.text)
    ECB_IRQHandler                           0x0001b139   Thumb Code     0  arm_startup_nrf51.o(.text)
    LPCOMP_IRQHandler                        0x0001b139   Thumb Code     0  arm_startup_nrf51.o(.text)
    POWER_CLOCK_IRQHandler                   0x0001b139   Thumb Code     0  arm_startup_nrf51.o(.text)
    QDEC_IRQHandler                          0x0001b139   Thumb Code     0  arm_startup_nrf51.o(.text)
    RADIO_IRQHandler                         0x0001b139   Thumb Code     0  arm_startup_nrf51.o(.text)
    RNG_IRQHandler                           0x0001b139   Thumb Code     0  arm_startup_nrf51.o(.text)
    RTC0_IRQHandler                          0x0001b139   Thumb Code     0  arm_startup_nrf51.o(.text)
    SPI0_TWI0_IRQHandler                     0x0001b139   Thumb Code     0  arm_startup_nrf51.o(.text)
    SPI1_TWI1_IRQHandler                     0x0001b139   Thumb Code     0  arm_startup_nrf51.o(.text)
    SWI1_IRQHandler                          0x0001b139   Thumb Code     0  arm_startup_nrf51.o(.text)
    SWI3_IRQHandler                          0x0001b139   Thumb Code     0  arm_startup_nrf51.o(.text)
    SWI4_IRQHandler                          0x0001b139   Thumb Code     0  arm_startup_nrf51.o(.text)
    SWI5_IRQHandler                          0x0001b139   Thumb Code     0  arm_startup_nrf51.o(.text)
    TEMP_IRQHandler                          0x0001b139   Thumb Code     0  arm_startup_nrf51.o(.text)
    TIMER0_IRQHandler                        0x0001b139   Thumb Code     0  arm_startup_nrf51.o(.text)
    TIMER1_IRQHandler                        0x0001b139   Thumb Code     0  arm_startup_nrf51.o(.text)
    TIMER2_IRQHandler                        0x0001b139   Thumb Code     0  arm_startup_nrf51.o(.text)
    WDT_IRQHandler                           0x0001b139   Thumb Code     0  arm_startup_nrf51.o(.text)
    __aeabi_uidiv                            0x0001b14d   Thumb Code     0  uidiv.o(.text)
    __aeabi_uidivmod                         0x0001b14d   Thumb Code    44  uidiv.o(.text)
    __aeabi_memcpy                           0x0001b179   Thumb Code    36  memcpya.o(.text)
    __aeabi_memcpy4                          0x0001b179   Thumb Code     0  memcpya.o(.text)
    __aeabi_memcpy8                          0x0001b179   Thumb Code     0  memcpya.o(.text)
    __aeabi_memset                           0x0001b19d   Thumb Code    14  memseta.o(.text)
    __aeabi_memset4                          0x0001b19d   Thumb Code     0  memseta.o(.text)
    __aeabi_memset8                          0x0001b19d   Thumb Code     0  memseta.o(.text)
    __aeabi_memclr                           0x0001b1ab   Thumb Code     4  memseta.o(.text)
    __aeabi_memclr4                          0x0001b1ab   Thumb Code     0  memseta.o(.text)
    __aeabi_memclr8                          0x0001b1ab   Thumb Code     0  memseta.o(.text)
    _memset$wrapper                          0x0001b1af   Thumb Code    18  memseta.o(.text)
    __aeabi_fadd                             0x0001b1c1   Thumb Code   162  fadd.o(.text)
    __aeabi_fsub                             0x0001b263   Thumb Code     8  fadd.o(.text)
    __aeabi_frsub                            0x0001b26b   Thumb Code     8  fadd.o(.text)
    __aeabi_fmul                             0x0001b273   Thumb Code   122  fmul.o(.text)
    __aeabi_fdiv                             0x0001b2ed   Thumb Code   124  fdiv.o(.text)
    __aeabi_dadd                             0x0001b369   Thumb Code   326  dadd.o(.text)
    __aeabi_dsub                             0x0001b4af   Thumb Code    12  dadd.o(.text)
    __aeabi_drsub                            0x0001b4bb   Thumb Code    12  dadd.o(.text)
    __aeabi_dmul                             0x0001b4cd   Thumb Code   202  dmul.o(.text)
    __aeabi_ddiv                             0x0001b59d   Thumb Code   234  ddiv.o(.text)
    __ARM_scalbn                             0x0001b68d   Thumb Code    44  dscalb.o(.text)
    scalbn                                   0x0001b68d   Thumb Code     0  dscalb.o(.text)
    __aeabi_i2f                              0x0001b6b9   Thumb Code    22  fflti.o(.text)
    __aeabi_f2d                              0x0001b6cf   Thumb Code    40  f2d.o(.text)
    __aeabi_d2f                              0x0001b6f7   Thumb Code    56  d2f.o(.text)
    __aeabi_uldivmod                         0x0001b72f   Thumb Code    96  uldiv.o(.text)
    __aeabi_llsl                             0x0001b78f   Thumb Code    32  llshl.o(.text)
    _ll_shift_l                              0x0001b78f   Thumb Code     0  llshl.o(.text)
    __aeabi_lasr                             0x0001b7af   Thumb Code    38  llsshr.o(.text)
    _ll_sshift_r                             0x0001b7af   Thumb Code     0  llsshr.o(.text)
    __I$use$fp                               0x0001b7d5   Thumb Code     0  iusefp.o(.text)
    _float_round                             0x0001b7d5   Thumb Code    16  fepilogue.o(.text)
    _float_epilogue                          0x0001b7e5   Thumb Code   116  fepilogue.o(.text)
    _double_round                            0x0001b859   Thumb Code    26  depilogue.o(.text)
    _double_epilogue                         0x0001b873   Thumb Code   166  depilogue.o(.text)
    __aeabi_i2d                              0x0001b919   Thumb Code    34  dflti.o(.text)
    __aeabi_d2ulz                            0x0001b941   Thumb Code    54  dfixul.o(.text)
    __aeabi_cdrcmple                         0x0001b981   Thumb Code    38  cdrcmple.o(.text)
    __scatterload                            0x0001b9a9   Thumb Code    28  init.o(.text)
    __scatterload_rt2                        0x0001b9a9   Thumb Code     0  init.o(.text)
    __aeabi_llsr                             0x0001b9cd   Thumb Code    34  llushr.o(.text)
    _ll_ushift_r                             0x0001b9cd   Thumb Code     0  llushr.o(.text)
    _dsqrt                                   0x0001b9ef   Thumb Code   162  dsqrt.o(.text)
    GPIOTE_IRQHandler                        0x0001ba91   Thumb Code   318  nrf_drv_gpiote.o(i.GPIOTE_IRQHandler)
    RTC1_IRQHandler                          0x0001bd65   Thumb Code    28  app_timer.o(i.RTC1_IRQHandler)
    SWI0_IRQHandler                          0x0001bd85   Thumb Code     8  app_timer.o(i.SWI0_IRQHandler)
    SWI2_IRQHandler                          0x0001bd8d   Thumb Code    28  softdevice_handler.o(i.SWI2_IRQHandler)
    SystemInit                               0x0001bdad   Thumb Code   130  system_nrf51.o(i.SystemInit)
    UART0_IRQHandler                         0x0001be4d   Thumb Code     8  nrf_drv_uart.o(i.UART0_IRQHandler)
    __0printf                                0x0001be55   Thumb Code    24  printfa.o(i.__0printf)
    __1printf                                0x0001be55   Thumb Code     0  printfa.o(i.__0printf)
    __2printf                                0x0001be55   Thumb Code     0  printfa.o(i.__0printf)
    __c89printf                              0x0001be55   Thumb Code     0  printfa.o(i.__0printf)
    printf                                   0x0001be55   Thumb Code     0  printfa.o(i.__0printf)
    __ARM_clz                                0x0001be75   Thumb Code    46  depilogue.o(i.__ARM_clz)
    __ARM_common_switch8                     0x0001bea3   Thumb Code    26  bsp.o(i.__ARM_common_switch8)
    __ARM_fpclassify                         0x0001bebd   Thumb Code    38  fpclassify.o(i.__ARM_fpclassify)
    __kernel_poly                            0x0001bee9   Thumb Code   172  poly.o(i.__kernel_poly)
    __mathlib_dbl_underflow                  0x0001bf95   Thumb Code    14  dunder.o(i.__mathlib_dbl_underflow)
    __scatterload_copy                       0x0001bfa9   Thumb Code    14  handlers.o(i.__scatterload_copy)
    __scatterload_null                       0x0001bfb7   Thumb Code     2  handlers.o(i.__scatterload_null)
    __scatterload_zeroinit                   0x0001bfb9   Thumb Code    14  handlers.o(i.__scatterload_zeroinit)
    __set_errno                              0x0001bfc9   Thumb Code     6  errno.o(i.__set_errno)
    app_button_enable                        0x0001c8c5   Thumb Code    32  app_button.o(i.app_button_enable)
    app_button_init                          0x0001c8e9   Thumb Code   100  app_button.o(i.app_button_init)
    app_error_fault_handler                  0x0001c95d   Thumb Code    16  app_error_weak.o(i.app_error_fault_handler)
    app_error_handler_bare                   0x0001c975   Thumb Code    20  app_error.o(i.app_error_handler_bare)
    app_fifo_get                             0x0001c98d   Thumb Code    22  app_fifo.o(i.app_fifo_get)
    app_fifo_init                            0x0001c9a3   Thumb Code    36  app_fifo.o(i.app_fifo_init)
    app_fifo_put                             0x0001c9c7   Thumb Code    26  app_fifo.o(i.app_fifo_put)
    app_timer_create                         0x0001c9e1   Thumb Code    40  app_timer.o(i.app_timer_create)
    app_timer_init                           0x0001ca0d   Thumb Code   126  app_timer.o(i.app_timer_init)
    app_timer_start                          0x0001ca9d   Thumb Code   114  app_timer.o(i.app_timer_start)
    app_timer_stop                           0x0001cb19   Thumb Code    78  app_timer.o(i.app_timer_stop)
    app_uart_get                             0x0001cb6d   Thumb Code    44  app_uart_fifo.o(i.app_uart_get)
    app_uart_init                            0x0001cba1   Thumb Code   144  app_uart_fifo.o(i.app_uart_init)
    app_uart_put                             0x0001cc41   Thumb Code    48  app_uart_fifo.o(i.app_uart_put)
    ble_db_discovery_evt_register            0x0001cc79   Thumb Code    66  ble_db_discovery.o(i.ble_db_discovery_evt_register)
    ble_db_discovery_init                    0x0001ccc5   Thumb Code    26  ble_db_discovery.o(i.ble_db_discovery_init)
    ble_db_discovery_on_ble_evt              0x0001cce5   Thumb Code    78  ble_db_discovery.o(i.ble_db_discovery_on_ble_evt)
    ble_db_discovery_start                   0x0001cd39   Thumb Code    86  ble_db_discovery.o(i.ble_db_discovery_start)
    ble_nus_c_handles_assign                 0x0001ce19   Thumb Code    30  ble_nus_c.o(i.ble_nus_c_handles_assign)
    ble_nus_c_init                           0x0001ce39   Thumb Code    72  ble_nus_c.o(i.ble_nus_c_init)
    ble_nus_c_on_ble_evt                     0x0001ce85   Thumb Code   100  ble_nus_c.o(i.ble_nus_c_on_ble_evt)
    ble_nus_c_on_db_disc_evt                 0x0001ceed   Thumb Code   108  ble_nus_c.o(i.ble_nus_c_on_db_disc_evt)
    ble_nus_c_rx_notif_enable                0x0001cf59   Thumb Code    64  ble_nus_c.o(i.ble_nus_c_rx_notif_enable)
    ble_nus_c_string_send                    0x0001cfa1   Thumb Code    60  ble_nus_c.o(i.ble_nus_c_string_send)
    bsp_btn_ble_init                         0x0001d055   Thumb Code    80  bsp_btn_ble.o(i.bsp_btn_ble_init)
    bsp_btn_ble_on_ble_evt                   0x0001d0a9   Thumb Code   114  bsp_btn_ble.o(i.bsp_btn_ble_on_ble_evt)
    bsp_btn_ble_sleep_mode_prepare           0x0001d121   Thumb Code    20  bsp_btn_ble.o(i.bsp_btn_ble_sleep_mode_prepare)
    bsp_button_is_pressed                    0x0001d1d5   Thumb Code    34  bsp.o(i.bsp_button_is_pressed)
    bsp_event_handler                        0x0001d201   Thumb Code    64  main.o(i.bsp_event_handler)
    bsp_event_to_button_action_assign        0x0001d245   Thumb Code    66  bsp.o(i.bsp_event_to_button_action_assign)
    bsp_indication_set                       0x0001d28d   Thumb Code    22  bsp.o(i.bsp_indication_set)
    bsp_init                                 0x0001d2a9   Thumb Code   134  bsp.o(i.bsp_init)
    bsp_wakeup_buttons_set                   0x0001d541   Thumb Code    50  bsp.o(i.bsp_wakeup_buttons_set)
    fputc                                    0x0001d997   Thumb Code    14  retarget.o(i.fputc)
    intern_softdevice_events_execute         0x0001d9f9   Thumb Code   116  softdevice_handler.o(i.intern_softdevice_events_execute)
    main                                     0x0001deed   Thumb Code   166  main.o(i.main)
    nrf_delay_ms                             0x0001dfbd   Thumb Code    24  nrf_delay.o(i.nrf_delay_ms)
    nrf_drv_common_irq_enable                0x0001dfd9   Thumb Code    78  nrf_drv_common.o(i.nrf_drv_common_irq_enable)
    nrf_drv_gpiote_in_event_enable           0x0001e039   Thumb Code   138  nrf_drv_gpiote.o(i.nrf_drv_gpiote_in_event_enable)
    nrf_drv_gpiote_in_init                   0x0001e0d9   Thumb Code   140  nrf_drv_gpiote.o(i.nrf_drv_gpiote_in_init)
    nrf_drv_gpiote_in_is_set                 0x0001e175   Thumb Code    16  nrf_drv_gpiote.o(i.nrf_drv_gpiote_in_is_set)
    nrf_drv_gpiote_init                      0x0001e189   Thumb Code    76  nrf_drv_gpiote.o(i.nrf_drv_gpiote_init)
    nrf_drv_gpiote_is_init                   0x0001e1dd   Thumb Code    12  nrf_drv_gpiote.o(i.nrf_drv_gpiote_is_init)
    nrf_drv_uart_init                        0x0001e1ed   Thumb Code   180  nrf_drv_uart.o(i.nrf_drv_uart_init)
    nrf_drv_uart_rx                          0x0001e2bd   Thumb Code    66  nrf_drv_uart.o(i.nrf_drv_uart_rx)
    nrf_drv_uart_rx_enable                   0x0001e309   Thumb Code    20  nrf_drv_uart.o(i.nrf_drv_uart_rx_enable)
    nrf_drv_uart_tx                          0x0001e3bd   Thumb Code    32  nrf_drv_uart.o(i.nrf_drv_uart_tx)
    nrf_drv_uart_tx_in_progress              0x0001e455   Thumb Code    12  nrf_drv_uart.o(i.nrf_drv_uart_tx_in_progress)
    pow                                      0x0001e8e5   Thumb Code  2526  pow.o(i.pow)
    sd_check_ram_start                       0x0001f3dd   Thumb Code    10  softdevice_handler.o(i.sd_check_ram_start)
    softdevice_ble_evt_handler_set           0x0001f479   Thumb Code    16  softdevice_handler.o(i.softdevice_ble_evt_handler_set)
    softdevice_enable                        0x0001f48d   Thumb Code    14  softdevice_handler.o(i.softdevice_enable)
    softdevice_enable_get_default_config     0x0001f4a1   Thumb Code    40  softdevice_handler.o(i.softdevice_enable_get_default_config)
    softdevice_fault_handler                 0x0001f4c9   Thumb Code     8  softdevice_handler.o(i.softdevice_fault_handler)
    softdevice_handler_init                  0x0001f4d1   Thumb Code    42  softdevice_handler.o(i.softdevice_handler_init)
    sqrt                                     0x0001f505   Thumb Code    66  sqrt.o(i.sqrt)
    uart_event_handle                        0x0001f6ed   Thumb Code    76  main.o(i.uart_event_handle)
    __mathlib_zero                           0x0001faf8   Data           8  qnan.o(.constdata)
    Region$$Table$$Base                      0x0001fb00   Number         0  anon$$obj.o(Region$$Table)
    Region$$Table$$Limit                     0x0001fb20   Number         0  anon$$obj.o(Region$$Table)
    Image$$RW_IRAM1$$Base                    0x20001eb0   Number         0  main.o(.data)
    RSSI_AVG_1M                              0x20001eb1   Data           4  main.o(.data)
    const_Q                                  0x20001eb8   Data           4  main.o(.data)
    const_R                                  0x20001ebc   Data           4  main.o(.data)
    rssi_inst                                0x20001ec0   Data           4  main.o(.data)
    dev_x                                    0x20001ec4   Data           4  main.o(.data)
    dev_y                                    0x20001ec8   Data           4  main.o(.data)
    ref_node_entry                           0x20001ecc   Data          24  main.o(.data)
    ENVI_CONST                               0x20001ee4   Data          16  main.o(.data)
    SystemCoreClock                          0x20001f14   Data           4  system_nrf51.o(.data)
    __stdout                                 0x20001f64   Data           4  retarget.o(.data)
    nrf_nvic_state                           0x20001f7c   Data           8  softdevice_handler.o(.data)
    RSSI_est_prev                            0x20001f88   Data          16  main.o(.bss)
    P_prev                                   0x20001f98   Data          16  main.o(.bss)
    dist_rssi                                0x200024f8   Data          16  main.o(.bss)
    K                                        0x20002508   Data          16  main.o(.bss)
    P                                        0x20002518   Data          16  main.o(.bss)
    P_temp                                   0x20002528   Data          16  main.o(.bss)
    RSSI_temp_est                            0x20002538   Data          16  main.o(.bss)
    RSSI_est                                 0x20002548   Data          16  main.o(.bss)
    z_measured                               0x20002558   Data          16  main.o(.bss)
    __initial_sp                             0x20003070   Data           0  arm_startup_nrf51.o(STACK)



==============================================================================

Memory Map of the image

  Image Entry point : 0x0001b0c1

  Load Region LR_IROM1 (Base: 0x0001b000, Size: 0x00004bf8, Max: 0x00025000, ABSOLUTE)

    Execution Region ER_IROM1 (Base: 0x0001b000, Size: 0x00004b20, Max: 0x00025000, ABSOLUTE)

    Base Addr    Size         Type   Attr      Idx    E Section Name        Object

    0x0001b000   0x000000c0   Data   RO          446    RESET               arm_startup_nrf51.o
    0x0001b0c0   0x00000000   Code   RO         2133  * .ARM.Collect$$$$00000000  mc_p.l(entry.o)
    0x0001b0c0   0x00000004   Code   RO         2444    .ARM.Collect$$$$00000001  mc_p.l(entry2.o)
    0x0001b0c4   0x00000004   Code   RO         2447    .ARM.Collect$$$$00000004  mc_p.l(entry5.o)
    0x0001b0c8   0x00000000   Code   RO         2449    .ARM.Collect$$$$00000008  mc_p.l(entry7b.o)
    0x0001b0c8   0x00000000   Code   RO         2451    .ARM.Collect$$$$0000000A  mc_p.l(entry8b.o)
    0x0001b0c8   0x00000008   Code   RO         2452    .ARM.Collect$$$$0000000B  mc_p.l(entry9a.o)
    0x0001b0d0   0x00000000   Code   RO         2454    .ARM.Collect$$$$0000000D  mc_p.l(entry10a.o)
    0x0001b0d0   0x00000000   Code   RO         2456    .ARM.Collect$$$$0000000F  mc_p.l(entry11a.o)
    0x0001b0d0   0x00000004   Code   RO         2445    .ARM.Collect$$$$00002712  mc_p.l(entry2.o)
    0x0001b0d4   0x0000001e   Code   RO          923    .emb_text           nrf_delay.o
    0x0001b0f2   0x00000002   PAD
    0x0001b0f4   0x0000001e   Code   RO         1542    .emb_text           app_timer.o
    0x0001b112   0x00000002   PAD
    0x0001b114   0x00000038   Code   RO          447    .text               arm_startup_nrf51.o
    0x0001b14c   0x0000002c   Code   RO         2136    .text               mc_p.l(uidiv.o)
    0x0001b178   0x00000024   Code   RO         2138    .text               mc_p.l(memcpya.o)
    0x0001b19c   0x00000024   Code   RO         2140    .text               mc_p.l(memseta.o)
    0x0001b1c0   0x000000b2   Code   RO         2409    .text               mf_p.l(fadd.o)
    0x0001b272   0x0000007a   Code   RO         2411    .text               mf_p.l(fmul.o)
    0x0001b2ec   0x0000007c   Code   RO         2413    .text               mf_p.l(fdiv.o)
    0x0001b368   0x00000164   Code   RO         2415    .text               mf_p.l(dadd.o)
    0x0001b4cc   0x000000d0   Code   RO         2417    .text               mf_p.l(dmul.o)
    0x0001b59c   0x000000f0   Code   RO         2419    .text               mf_p.l(ddiv.o)
    0x0001b68c   0x0000002c   Code   RO         2421    .text               mf_p.l(dscalb.o)
    0x0001b6b8   0x00000016   Code   RO         2423    .text               mf_p.l(fflti.o)
    0x0001b6ce   0x00000028   Code   RO         2425    .text               mf_p.l(f2d.o)
    0x0001b6f6   0x00000038   Code   RO         2427    .text               mf_p.l(d2f.o)
    0x0001b72e   0x00000060   Code   RO         2458    .text               mc_p.l(uldiv.o)
    0x0001b78e   0x00000020   Code   RO         2460    .text               mc_p.l(llshl.o)
    0x0001b7ae   0x00000026   Code   RO         2462    .text               mc_p.l(llsshr.o)
    0x0001b7d4   0x00000000   Code   RO         2471    .text               mc_p.l(iusefp.o)
    0x0001b7d4   0x00000084   Code   RO         2472    .text               mf_p.l(fepilogue.o)
    0x0001b858   0x000000c0   Code   RO         2474    .text               mf_p.l(depilogue.o)
    0x0001b918   0x00000028   Code   RO         2478    .text               mf_p.l(dflti.o)
    0x0001b940   0x00000040   Code   RO         2480    .text               mf_p.l(dfixul.o)
    0x0001b980   0x00000028   Code   RO         2482    .text               mf_p.l(cdrcmple.o)
    0x0001b9a8   0x00000024   Code   RO         2484    .text               mc_p.l(init.o)
    0x0001b9cc   0x00000022   Code   RO         2486    .text               mc_p.l(llushr.o)
    0x0001b9ee   0x000000a2   Code   RO         2488    .text               mf_p.l(dsqrt.o)
    0x0001ba90   0x0000015c   Code   RO          984    i.GPIOTE_IRQHandler  nrf_drv_gpiote.o
    0x0001bbec   0x00000134   Code   RO            4    i.Kalman_RSSI       main.o
    0x0001bd20   0x00000044   Code   RO         1543    i.NVIC_SetPriority  app_timer.o
    0x0001bd64   0x00000020   Code   RO         1544    i.RTC1_IRQHandler   app_timer.o
    0x0001bd84   0x00000008   Code   RO         1545    i.SWI0_IRQHandler   app_timer.o
    0x0001bd8c   0x00000020   Code   RO         2030    i.SWI2_IRQHandler   softdevice_handler.o
    0x0001bdac   0x000000a0   Code   RO          454    i.SystemInit        system_nrf51.o
    0x0001be4c   0x00000008   Code   RO         1179    i.UART0_IRQHandler  nrf_drv_uart.o
    0x0001be54   0x00000020   Code   RO         2381    i.__0printf         mc_p.l(printfa.o)
    0x0001be74   0x0000002e   Code   RO         2476    i.__ARM_clz         mf_p.l(depilogue.o)
    0x0001bea2   0x0000001a   Code   RO          396    i.__ARM_common_switch8  bsp.o
    0x0001bebc   0x0000002c   Code   RO         2431    i.__ARM_fpclassify  m_ps.l(fpclassify.o)
    0x0001bee8   0x000000ac   Code   RO         2433    i.__kernel_poly     m_ps.l(poly.o)
    0x0001bf94   0x00000014   Code   RO         2429    i.__mathlib_dbl_underflow  m_ps.l(dunder.o)
    0x0001bfa8   0x0000000e   Code   RO         2494    i.__scatterload_copy  mc_p.l(handlers.o)
    0x0001bfb6   0x00000002   Code   RO         2495    i.__scatterload_null  mc_p.l(handlers.o)
    0x0001bfb8   0x0000000e   Code   RO         2496    i.__scatterload_zeroinit  mc_p.l(handlers.o)
    0x0001bfc6   0x00000002   PAD
    0x0001bfc8   0x0000000c   Code   RO         2466    i.__set_errno       mc_p.l(errno.o)
    0x0001bfd4   0x00000158   Code   RO         2388    i._fp_digits        mc_p.l(printfa.o)
    0x0001c12c   0x000006f8   Code   RO         2389    i._printf_core      mc_p.l(printfa.o)
    0x0001c824   0x00000020   Code   RO         2390    i._printf_post_padding  mc_p.l(printfa.o)
    0x0001c844   0x0000002c   Code   RO         2391    i._printf_pre_padding  mc_p.l(printfa.o)
    0x0001c870   0x0000003c   Code   RO          407    i.advertising_buttons_configure  bsp_btn_ble.o
    0x0001c8ac   0x00000018   Code   RO          302    i.alert_timer_handler  bsp.o
    0x0001c8c4   0x00000024   Code   RO         1363    i.app_button_enable  app_button.o
    0x0001c8e8   0x00000074   Code   RO         1364    i.app_button_init   app_button.o
    0x0001c95c   0x00000018   Code   RO         1453    i.app_error_fault_handler  app_error_weak.o
    0x0001c974   0x00000018   Code   RO         1421    i.app_error_handler_bare  app_error.o
    0x0001c98c   0x00000016   Code   RO         1477    i.app_fifo_get      app_fifo.o
    0x0001c9a2   0x00000024   Code   RO         1478    i.app_fifo_init     app_fifo.o
    0x0001c9c6   0x0000001a   Code   RO         1480    i.app_fifo_put      app_fifo.o
    0x0001c9e0   0x0000002c   Code   RO         1548    i.app_timer_create  app_timer.o
    0x0001ca0c   0x00000090   Code   RO         1549    i.app_timer_init    app_timer.o
    0x0001ca9c   0x0000007c   Code   RO         1550    i.app_timer_start   app_timer.o
    0x0001cb18   0x00000054   Code   RO         1551    i.app_timer_stop    app_timer.o
    0x0001cb6c   0x00000034   Code   RO          854    i.app_uart_get      app_uart_fifo.o
    0x0001cba0   0x000000a0   Code   RO          855    i.app_uart_init     app_uart_fifo.o
    0x0001cc40   0x00000038   Code   RO          856    i.app_uart_put      app_uart_fifo.o
    0x0001cc78   0x0000004c   Code   RO          652    i.ble_db_discovery_evt_register  ble_db_discovery.o
    0x0001ccc4   0x00000020   Code   RO          653    i.ble_db_discovery_init  ble_db_discovery.o
    0x0001cce4   0x00000054   Code   RO          654    i.ble_db_discovery_on_ble_evt  ble_db_discovery.o
    0x0001cd38   0x00000060   Code   RO          655    i.ble_db_discovery_start  ble_db_discovery.o
    0x0001cd98   0x00000028   Code   RO            6    i.ble_evt_dispatch  main.o
    0x0001cdc0   0x00000058   Code   RO            7    i.ble_nus_c_evt_handler  main.o
    0x0001ce18   0x0000001e   Code   RO          754    i.ble_nus_c_handles_assign  ble_nus_c.o
    0x0001ce36   0x00000002   PAD
    0x0001ce38   0x0000004c   Code   RO          755    i.ble_nus_c_init    ble_nus_c.o
    0x0001ce84   0x00000068   Code   RO          756    i.ble_nus_c_on_ble_evt  ble_nus_c.o
    0x0001ceec   0x0000006c   Code   RO          757    i.ble_nus_c_on_db_disc_evt  ble_nus_c.o
    0x0001cf58   0x00000048   Code   RO          758    i.ble_nus_c_rx_notif_enable  ble_nus_c.o
    0x0001cfa0   0x00000044   Code   RO          759    i.ble_nus_c_string_send  ble_nus_c.o
    0x0001cfe4   0x00000070   Code   RO            8    i.ble_stack_init    main.o
    0x0001d054   0x00000054   Code   RO          408    i.bsp_btn_ble_init  bsp_btn_ble.o
    0x0001d0a8   0x00000078   Code   RO          409    i.bsp_btn_ble_on_ble_evt  bsp_btn_ble.o
    0x0001d120   0x00000014   Code   RO          410    i.bsp_btn_ble_sleep_mode_prepare  bsp_btn_ble.o
    0x0001d134   0x000000a0   Code   RO          303    i.bsp_button_event_handler  bsp.o
    0x0001d1d4   0x0000002c   Code   RO          304    i.bsp_button_is_pressed  bsp.o
    0x0001d200   0x00000044   Code   RO            9    i.bsp_event_handler  main.o
    0x0001d244   0x00000048   Code   RO          308    i.bsp_event_to_button_action_assign  bsp.o
    0x0001d28c   0x0000001c   Code   RO          309    i.bsp_indication_set  bsp.o
    0x0001d2a8   0x000000a0   Code   RO          311    i.bsp_init          bsp.o
    0x0001d348   0x000001f8   Code   RO          312    i.bsp_led_indication  bsp.o
    0x0001d540   0x0000003c   Code   RO          313    i.bsp_wakeup_buttons_set  bsp.o
    0x0001d57c   0x0000000c   Code   RO          314    i.button_timer_handler  bsp.o
    0x0001d588   0x0000001c   Code   RO          985    i.channel_free      nrf_drv_gpiote.o
    0x0001d5a4   0x00000048   Code   RO          986    i.channel_port_alloc  nrf_drv_gpiote.o
    0x0001d5ec   0x00000010   Code   RO          987    i.channel_port_get  nrf_drv_gpiote.o
    0x0001d5fc   0x0000003c   Code   RO          656    i.characteristics_discover  ble_db_discovery.o
    0x0001d638   0x000000a8   Code   RO         1553    i.compare_reg_update  app_timer.o
    0x0001d6e0   0x00000010   Code   RO           10    i.db_disc_handler   main.o
    0x0001d6f0   0x00000084   Code   RO          657    i.descriptors_discover  ble_db_discovery.o
    0x0001d774   0x00000060   Code   RO         1366    i.detection_delay_timeout_handler  app_button.o
    0x0001d7d4   0x0000008c   Code   RO          658    i.discovery_complete_evt_trigger  ble_db_discovery.o
    0x0001d860   0x0000002c   Code   RO          659    i.discovery_error_evt_trigger  ble_db_discovery.o
    0x0001d88c   0x000000a4   Code   RO           11    i.distance_estimate  main.o
    0x0001d930   0x00000040   Code   RO         1554    i.elapsed_ticks_acquire  app_timer.o
    0x0001d970   0x00000014   Code   RO         1483    i.fifo_get          app_fifo.o
    0x0001d984   0x00000012   Code   RO         1484    i.fifo_put          app_fifo.o
    0x0001d996   0x0000000e   Code   RO         1850    i.fputc             retarget.o
    0x0001d9a4   0x00000054   Code   RO         1367    i.gpiote_event_handler  app_button.o
    0x0001d9f8   0x00000078   Code   RO         2031    i.intern_softdevice_events_execute  softdevice_handler.o
    0x0001da70   0x00000044   Code   RO          660    i.is_desc_discovery_reqd  ble_db_discovery.o
    0x0001dab4   0x00000048   Code   RO          455    i.is_manual_peripheral_setup_needed  system_nrf51.o
    0x0001dafc   0x000000e2   Code   RO           12    i.is_uuid_present   main.o
    0x0001dbde   0x00000002   PAD
    0x0001dbe0   0x00000018   Code   RO          315    i.leds_timer_handler  bsp.o
    0x0001dbf8   0x000000bc   Code   RO         1555    i.list_deletions_handler  app_timer.o
    0x0001dcb4   0x000000d4   Code   RO         1556    i.list_insertions_handler  app_timer.o
    0x0001dd88   0x00000164   Code   RO           13    i.locate_device     main.o
    0x0001deec   0x000000d0   Code   RO           14    i.main              main.o
    0x0001dfbc   0x0000001c   Code   RO          924    i.nrf_delay_ms      nrf_delay.o
    0x0001dfd8   0x00000060   Code   RO          951    i.nrf_drv_common_irq_enable  nrf_drv_common.o
    0x0001e038   0x000000a0   Code   RO          990    i.nrf_drv_gpiote_in_event_enable  nrf_drv_gpiote.o
    0x0001e0d8   0x0000009c   Code   RO          991    i.nrf_drv_gpiote_in_init  nrf_drv_gpiote.o
    0x0001e174   0x00000014   Code   RO          992    i.nrf_drv_gpiote_in_is_set  nrf_drv_gpiote.o
    0x0001e188   0x00000054   Code   RO          994    i.nrf_drv_gpiote_init  nrf_drv_gpiote.o
    0x0001e1dc   0x00000010   Code   RO          995    i.nrf_drv_gpiote_is_init  nrf_drv_gpiote.o
    0x0001e1ec   0x000000d0   Code   RO         1181    i.nrf_drv_uart_init  nrf_drv_uart.o
    0x0001e2bc   0x0000004c   Code   RO         1182    i.nrf_drv_uart_rx   nrf_drv_uart.o
    0x0001e308   0x00000018   Code   RO         1185    i.nrf_drv_uart_rx_enable  nrf_drv_uart.o
    0x0001e320   0x0000009c   Code   RO         1186    i.nrf_drv_uart_rx_for_uart  nrf_drv_uart.o
    0x0001e3bc   0x00000024   Code   RO         1187    i.nrf_drv_uart_tx   nrf_drv_uart.o
    0x0001e3e0   0x00000074   Code   RO         1189    i.nrf_drv_uart_tx_for_uart  nrf_drv_uart.o
    0x0001e454   0x00000010   Code   RO         1190    i.nrf_drv_uart_tx_in_progress  nrf_drv_uart.o
    0x0001e464   0x00000024   Code   RO         1007    i.nrf_gpio_cfg      nrf_drv_gpiote.o
    0x0001e488   0x00000024   Code   RO         1192    i.nrf_gpio_cfg      nrf_drv_uart.o
    0x0001e4ac   0x00000012   Code   RO         1194    i.nrf_gpio_cfg_input  nrf_drv_uart.o
    0x0001e4be   0x00000014   Code   RO         1195    i.nrf_gpio_cfg_output  nrf_drv_uart.o
    0x0001e4d2   0x00000002   PAD
    0x0001e4d4   0x00000020   Code   RO         1009    i.nrf_gpio_cfg_sense_set  nrf_drv_gpiote.o
    0x0001e4f4   0x00000014   Code   RO         1010    i.nrf_gpiote_event_is_set  nrf_drv_gpiote.o
    0x0001e508   0x0000000c   Code   RO         1196    i.nrf_uart_errorsrc_get_and_clear  nrf_drv_uart.o
    0x0001e514   0x0000000a   Code   RO         1197    i.nrf_uart_event_check  nrf_drv_uart.o
    0x0001e51e   0x0000000c   Code   RO         1198    i.nrf_uart_hwfc_pins_set  nrf_drv_uart.o
    0x0001e52a   0x00000010   Code   RO         1199    i.nrf_uart_int_enable_check  nrf_drv_uart.o
    0x0001e53a   0x0000000c   Code   RO         1200    i.nrf_uart_txrx_pins_set  nrf_drv_uart.o
    0x0001e546   0x00000002   PAD
    0x0001e548   0x000000dc   Code   RO           15    i.on_ble_evt        main.o
    0x0001e624   0x000000e8   Code   RO          661    i.on_characteristic_discovery_rsp  ble_db_discovery.o
    0x0001e70c   0x000000bc   Code   RO          662    i.on_descriptor_discovery_rsp  ble_db_discovery.o
    0x0001e7c8   0x0000006c   Code   RO          663    i.on_primary_srv_discovery_rsp  ble_db_discovery.o
    0x0001e834   0x0000006c   Code   RO          664    i.on_srv_disc_completion  ble_db_discovery.o
    0x0001e8a0   0x00000014   Code   RO         1011    i.pin_in_use_by_gpiote  nrf_drv_gpiote.o
    0x0001e8b4   0x00000018   Code   RO         1012    i.pin_in_use_by_port  nrf_drv_gpiote.o
    0x0001e8cc   0x00000018   Code   RO         1013    i.pin_in_use_by_te  nrf_drv_gpiote.o
    0x0001e8e4   0x000009e8   Code   RO         2124    i.pow               m_ps.l(pow.o)
    0x0001f2cc   0x00000038   Code   RO          665    i.registered_handler_get  ble_db_discovery.o
    0x0001f304   0x00000044   Code   RO         1557    i.rtc1_stop         app_timer.o
    0x0001f348   0x00000038   Code   RO         1201    i.rx_byte           nrf_drv_uart.o
    0x0001f380   0x0000001c   Code   RO         1202    i.rx_done_event     nrf_drv_uart.o
    0x0001f39c   0x0000001c   Code   RO         1203    i.rx_enable         nrf_drv_uart.o
    0x0001f3b8   0x00000024   Code   RO           16    i.scan_start        main.o
    0x0001f3dc   0x00000010   Code   RO         2032    i.sd_check_ram_start  softdevice_handler.o
    0x0001f3ec   0x0000008c   Code   RO         2033    i.sd_nvic_EnableIRQ  softdevice_handler.o
    0x0001f478   0x00000014   Code   RO         2034    i.softdevice_ble_evt_handler_set  softdevice_handler.o
    0x0001f48c   0x00000014   Code   RO         2035    i.softdevice_enable  softdevice_handler.o
    0x0001f4a0   0x00000028   Code   RO         2036    i.softdevice_enable_get_default_config  softdevice_handler.o
    0x0001f4c8   0x00000008   Code   RO         2037    i.softdevice_fault_handler  softdevice_handler.o
    0x0001f4d0   0x00000034   Code   RO         2038    i.softdevice_handler_init  softdevice_handler.o
    0x0001f504   0x00000048   Code   RO         2437    i.sqrt              m_ps.l(sqrt.o)
    0x0001f54c   0x00000084   Code   RO         1558    i.timer_list_handler  app_timer.o
    0x0001f5d0   0x00000010   Code   RO         1559    i.timer_list_handler_sched  app_timer.o
    0x0001f5e0   0x00000040   Code   RO         1560    i.timer_list_insert  app_timer.o
    0x0001f620   0x00000080   Code   RO         1561    i.timer_timeouts_check  app_timer.o
    0x0001f6a0   0x0000002c   Code   RO         1204    i.tx_byte           nrf_drv_uart.o
    0x0001f6cc   0x00000020   Code   RO         1205    i.tx_done_event     nrf_drv_uart.o
    0x0001f6ec   0x00000058   Code   RO           17    i.uart_event_handle  main.o
    0x0001f744   0x000000b0   Code   RO          857    i.uart_event_handler  app_uart_fifo.o
    0x0001f7f4   0x00000124   Code   RO         1206    i.uart_irq_handler  nrf_drv_uart.o
    0x0001f918   0x00000054   Code   RO         1562    i.user_id_get       app_timer.o
    0x0001f96c   0x00000026   Code   RO         1563    i.user_op_alloc     app_timer.o
    0x0001f992   0x00000002   PAD
    0x0001f994   0x0000002c   Data   RO           25    .constdata          main.o
    0x0001f9c0   0x0000003c   Data   RO          320    .constdata          bsp.o
    0x0001f9fc   0x00000028   Data   RO          760    .constdata          ble_nus_c.o
    0x0001fa24   0x00000020   Data   RO          859    .constdata          app_uart_fifo.o
    0x0001fa44   0x00000020   Data   RO         1208    .constdata          nrf_drv_uart.o
    0x0001fa64   0x00000008   Data   RO         1369    .constdata          app_button.o
    0x0001fa6c   0x00000004   PAD
    0x0001fa70   0x00000088   Data   RO         2125    .constdata          m_ps.l(pow.o)
    0x0001faf8   0x00000008   Data   RO         2435    .constdata          m_ps.l(qnan.o)
    0x0001fb00   0x00000020   Data   RO         2492    Region$$Table       anon$$obj.o


    Execution Region RW_IRAM1 (Base: 0x20001eb0, Size: 0x000011c0, Max: 0x00006150, ABSOLUTE)

    Base Addr    Size         Type   Attr      Idx    E Section Name        Object

    0x20001eb0   0x00000044   Data   RW           27    .data               main.o
    0x20001ef4   0x00000018   Data   RW          321    .data               bsp.o
    0x20001f0c   0x00000008   Data   RW          411    .data               bsp_btn_ble.o
    0x20001f14   0x00000004   Data   RW          456    .data               system_nrf51.o
    0x20001f18   0x00000010   Data   RW          667    .data               ble_db_discovery.o
    0x20001f28   0x00000008   Data   RW          860    .data               app_uart_fifo.o
    0x20001f30   0x00000014   Data   RW         1370    .data               app_button.o
    0x20001f44   0x00000020   Data   RW         1564    .data               app_timer.o
    0x20001f64   0x00000004   Data   RW         1851    .data               retarget.o
    0x20001f68   0x0000001c   Data   RW         2042    .data               softdevice_handler.o
    0x20001f84   0x00000004   Data   RW         2467    .data               mc_p.l(errno.o)
    0x20001f88   0x000005e0   Zero   RW           19    .bss                main.o
    0x20002568   0x00000020   Zero   RW          316    .bss                bsp.o
    0x20002588   0x00000020   Zero   RW          317    .bss                bsp.o
    0x200025a8   0x0000000c   Zero   RW          318    .bss                bsp.o
    0x200025b4   0x00000020   Zero   RW          319    .bss                bsp.o
    0x200025d4   0x000001f8   Zero   RW          666    .bss                ble_db_discovery.o
    0x200027cc   0x00000020   Zero   RW          858    .bss                app_uart_fifo.o
    0x200027ec   0x00000048   Zero   RW         1014    .bss                nrf_drv_gpiote.o
    0x20002834   0x0000001c   Zero   RW         1207    .bss                nrf_drv_uart.o
    0x20002850   0x00000020   Zero   RW         1368    .bss                app_button.o
    0x20002870   0x00000800   Zero   RW          444    STACK               arm_startup_nrf51.o


==============================================================================

Image component sizes


      Code (inc. data)   RO Data    RW Data    ZI Data      Debug   Object Name

       332         34          8         20         32       8506   app_button.o
        24          4          0          0          0        625   app_error.o
        24          8          0          0          0       6242   app_error_weak.o
       122          0          0          0          0       3870   app_fifo.o
      1696        150          0         32          0      30167   app_timer.o
       444         42         32          8         32       9874   app_uart_fifo.o
        56         18        192          0       2048        728   arm_startup_nrf51.o
      1424         76          0         16        504      13443   ble_db_discovery.o
       458         24         40          0          0       5842   ble_nus_c.o
      1114        118         60         24        108       8905   bsp.o
       284         10          0          8          0       4469   bsp_btn_ble.o
      1930        352         44         68       1504      91572   main.o
        58          4          0          0          0       1687   nrf_delay.o
        96         18          0          0          0       7640   nrf_drv_common.o
      1056        132          0          0         72      21040   nrf_drv_gpiote.o
      1256        134         32          0         28      26406   nrf_drv_uart.o
        14          0          0          4          0       2698   retarget.o
       448         58          0         28          0      16864   softdevice_handler.o
       232         36          0          4          0       2363   system_nrf51.o

    ----------------------------------------------------------------------
     11082       1218        444        212       4328     262941   Object Totals
         0          0         32          0          0          0   (incl. Generated)
        14          0          4          0          0          0   (incl. Padding)

    ----------------------------------------------------------------------

      Code (inc. data)   RO Data    RW Data    ZI Data      Debug   Library Member Name

        20          6          0          0          0         68   dunder.o
        44          6          0          0          0         60   fpclassify.o
       172          0          0          0          0         76   poly.o
      2536        224        136          0          0        216   pow.o
         0          0          8          0          0          0   qnan.o
        72          6          0          0          0         76   sqrt.o
         0          0          0          0          0          0   entry.o
         0          0          0          0          0          0   entry10a.o
         0          0          0          0          0          0   entry11a.o
         8          4          0          0          0          0   entry2.o
         4          0          0          0          0          0   entry5.o
         0          0          0          0          0          0   entry7b.o
         0          0          0          0          0          0   entry8b.o
         8          4          0          0          0          0   entry9a.o
        12          6          0          4          0         60   errno.o
        30          0          0          0          0          0   handlers.o
        36          8          0          0          0         68   init.o
         0          0          0          0          0          0   iusefp.o
        32          0          0          0          0         68   llshl.o
        38          0          0          0          0         68   llsshr.o
        34          0          0          0          0         68   llushr.o
        36          0          0          0          0         60   memcpya.o
        36          0          0          0          0        100   memseta.o
      2236        102          0          0          0        412   printfa.o
        44          0          0          0          0         72   uidiv.o
        96          0          0          0          0         84   uldiv.o
        40          2          0          0          0         68   cdrcmple.o
        56          0          0          0          0         68   d2f.o
       356          6          0          0          0        140   dadd.o
       240          6          0          0          0         84   ddiv.o
       238          0          0          0          0        216   depilogue.o
        64         10          0          0          0         68   dfixul.o
        40          6          0          0          0         68   dflti.o
       208          6          0          0          0         88   dmul.o
        44          0          0          0          0         72   dscalb.o
       162          0          0          0          0         80   dsqrt.o
        40          0          0          0          0         60   f2d.o
       178          0          0          0          0        108   fadd.o
       124          0          0          0          0         72   fdiv.o
       132          0          0          0          0        144   fepilogue.o
        22          0          0          0          0         68   fflti.o
       122          0          0          0          0         72   fmul.o

    ----------------------------------------------------------------------
      7562        402        144          4          0       3032   Library Totals
         2          0          0          0          0          0   (incl. Padding)

    ----------------------------------------------------------------------

      Code (inc. data)   RO Data    RW Data    ZI Data      Debug   Library Name

      2844        242        144          0          0        496   m_ps.l
      2650        124          0          4          0       1060   mc_p.l
      2066         36          0          0          0       1476   mf_p.l

    ----------------------------------------------------------------------
      7562        402        144          4          0       3032   Library Totals

    ----------------------------------------------------------------------

==============================================================================


      Code (inc. data)   RO Data    RW Data    ZI Data      Debug   

     18644       1620        588        216       4328     258637   Grand Totals
     18644       1620        588        216       4328     258637   ELF Image Totals
     18644       1620        588        216          0          0   ROM Totals

==============================================================================

    Total RO  Size (Code + RO Data)                19232 (  18.78kB)
    Total RW  Size (RW Data + ZI Data)              4544 (   4.44kB)
    Total ROM Size (Code + RO Data + RW Data)      19448 (  18.99kB)

==============================================================================

