<html>
<body>
<pre>
<h1>µVision Build Log</h1>
<h2>Project:</h2>
D:\EmbDes\SW\Projects\2017\InDoorPositioning\SourceCodes\nRF5_SDK_11.0.0_89a8197\examples\ble_central\ble_app_uart_c_test\pca10028\s130\arm4\ble_app_uart_c_s130_pca10028.uvproj
Project File Date:  12/29/2017

<h2>Output:</h2>
Rebuild target 'nrf51422_xxac_s130'
compiling main.c...
..\..\..\main.c(399): warning:  #177-D: variable "index" was declared but never referenced
..\..\..\main.c(824): warning:  #177-D: variable "rssi_smooth" was declared but never referenced
..\..\..\main.c(636): warning:  #177-D: function "power_manage" was declared but never referenced
..\..\..\main.c(644): warning:  #177-D: function "Kalman_RSSI" was declared but never referenced
..\..\..\main.c(711): warning:  #177-D: function "avg_rssi" was declared but never referenced
..\..\..\main.c(768): warning:  #177-D: function "mov_avg_rssi" was declared but never referenced
..\..\..\main.c(797): warning:  #177-D: function "avg_sliding_window" was declared but never referenced
..\..\..\main.c(821): warning:  #177-D: function "distance_estimate" was declared but never referenced
..\..\..\main.c(850): warning:  #177-D: function "locate_device" was declared but never referenced
compiling bsp.c...
compiling bsp_btn_ble.c...
assembling arm_startup_nrf51.s...
compiling system_nrf51.c...
compiling ble_advdata.c...
compiling ble_conn_params.c...
compiling ble_db_discovery.c...
compiling ble_nus_c.c...
compiling ble_srv_common.c...
compiling app_uart_fifo.c...
compiling nrf_delay.c...
compiling nrf_drv_common.c...
compiling nrf_drv_gpiote.c...
compiling nrf_drv_uart.c...
compiling app_button.c...
compiling app_error.c...
compiling app_error_weak.c...
compiling app_fifo.c...
compiling app_timer.c...
compiling app_trace.c...
compiling app_util_platform.c...
compiling nrf_assert.c...
compiling nrf_log.c...
compiling retarget.c...
compiling RTT_Syscalls_KEIL.c...
compiling SEGGER_RTT.c...
compiling SEGGER_RTT_printf.c...
compiling softdevice_handler.c...
linking...
Program Size: Code=16260 RO-data=508 RW-data=188 ZI-data=5836  
FromELF: creating hex file...
".\_build\nrf51422_xxac_s130.axf" - 0 Errors, 9 Warning(s).
Rebuild target 'nrf51422_xxac_s130'
compiling main.c...
..\..\..\main.c(399): warning:  #177-D: variable "index" was declared but never referenced
..\..\..\main.c(824): warning:  #177-D: variable "rssi_smooth" was declared but never referenced
..\..\..\main.c(636): warning:  #177-D: function "power_manage" was declared but never referenced
..\..\..\main.c(644): warning:  #177-D: function "Kalman_RSSI" was declared but never referenced
..\..\..\main.c(711): warning:  #177-D: function "avg_rssi" was declared but never referenced
..\..\..\main.c(768): warning:  #177-D: function "mov_avg_rssi" was declared but never referenced
..\..\..\main.c(797): warning:  #177-D: function "avg_sliding_window" was declared but never referenced
..\..\..\main.c(821): warning:  #177-D: function "distance_estimate" was declared but never referenced
..\..\..\main.c(850): warning:  #177-D: function "locate_device" was declared but never referenced
compiling bsp.c...
compiling bsp_btn_ble.c...
assembling arm_startup_nrf51.s...
compiling system_nrf51.c...
compiling ble_advdata.c...
compiling ble_conn_params.c...
compiling ble_db_discovery.c...
compiling ble_nus_c.c...
compiling ble_srv_common.c...
compiling app_uart_fifo.c...
compiling nrf_delay.c...
compiling nrf_drv_common.c...
compiling nrf_drv_gpiote.c...
compiling nrf_drv_uart.c...
compiling app_button.c...
compiling app_error.c...
compiling app_error_weak.c...
compiling app_fifo.c...
compiling app_timer.c...
compiling app_trace.c...
compiling app_util_platform.c...
compiling nrf_assert.c...
compiling nrf_log.c...
compiling retarget.c...
compiling RTT_Syscalls_KEIL.c...
compiling SEGGER_RTT.c...
compiling SEGGER_RTT_printf.c...
compiling softdevice_handler.c...
linking...
Program Size: Code=16260 RO-data=508 RW-data=188 ZI-data=5836  
FromELF: creating hex file...
".\_build\nrf51422_xxac_s130.axf" - 0 Errors, 9 Warning(s).
Rebuild target 'nrf51422_xxac_s130'
compiling main.c...
..\..\..\main.c(399): warning:  #177-D: variable "index" was declared but never referenced
..\..\..\main.c(824): warning:  #177-D: variable "rssi_smooth" was declared but never referenced
..\..\..\main.c(636): warning:  #177-D: function "power_manage" was declared but never referenced
..\..\..\main.c(672): warning:  #177-D: function "calc_envi_const" was declared but never referenced
..\..\..\main.c(711): warning:  #177-D: function "avg_rssi" was declared but never referenced
..\..\..\main.c(768): warning:  #177-D: function "mov_avg_rssi" was declared but never referenced
..\..\..\main.c(797): warning:  #177-D: function "avg_sliding_window" was declared but never referenced
compiling bsp.c...
compiling bsp_btn_ble.c...
assembling arm_startup_nrf51.s...
compiling system_nrf51.c...
compiling ble_advdata.c...
compiling ble_conn_params.c...
compiling ble_db_discovery.c...
compiling ble_nus_c.c...
compiling ble_srv_common.c...
compiling app_uart_fifo.c...
compiling nrf_delay.c...
compiling nrf_drv_common.c...
compiling nrf_drv_gpiote.c...
compiling nrf_drv_uart.c...
compiling app_button.c...
compiling app_error.c...
compiling app_error_weak.c...
compiling app_fifo.c...
compiling app_timer.c...
compiling app_trace.c...
compiling app_util_platform.c...
compiling nrf_assert.c...
compiling nrf_log.c...
compiling retarget.c...
compiling RTT_Syscalls_KEIL.c...
compiling SEGGER_RTT.c...
compiling SEGGER_RTT_printf.c...
compiling softdevice_handler.c...
linking...
Program Size: Code=18648 RO-data=584 RW-data=216 ZI-data=4328  
FromELF: creating hex file...
".\_build\nrf51422_xxac_s130.axf" - 0 Errors, 7 Warning(s).
Rebuild target 'nrf51422_xxac_s130'
compiling main.c...
..\..\..\main.c(399): warning:  #177-D: variable "index" was declared but never referenced
..\..\..\main.c(824): warning:  #177-D: variable "rssi_smooth" was declared but never referenced
..\..\..\main.c(636): warning:  #177-D: function "power_manage" was declared but never referenced
..\..\..\main.c(672): warning:  #177-D: function "calc_envi_const" was declared but never referenced
..\..\..\main.c(711): warning:  #177-D: function "avg_rssi" was declared but never referenced
..\..\..\main.c(768): warning:  #177-D: function "mov_avg_rssi" was declared but never referenced
..\..\..\main.c(797): warning:  #177-D: function "avg_sliding_window" was declared but never referenced
compiling bsp.c...
compiling bsp_btn_ble.c...
assembling arm_startup_nrf51.s...
compiling system_nrf51.c...
compiling ble_advdata.c...
compiling ble_conn_params.c...
compiling ble_db_discovery.c...
compiling ble_nus_c.c...
compiling ble_srv_common.c...
compiling app_uart_fifo.c...
compiling nrf_delay.c...
compiling nrf_drv_common.c...
compiling nrf_drv_gpiote.c...
compiling nrf_drv_uart.c...
compiling app_button.c...
compiling app_error.c...
compiling app_error_weak.c...
compiling app_fifo.c...
compiling app_timer.c...
compiling app_trace.c...
compiling app_util_platform.c...
compiling nrf_assert.c...
compiling nrf_log.c...
compiling retarget.c...
compiling RTT_Syscalls_KEIL.c...
compiling SEGGER_RTT.c...
compiling SEGGER_RTT_printf.c...
compiling softdevice_handler.c...
linking...
Program Size: Code=18656 RO-data=584 RW-data=216 ZI-data=4328  
FromELF: creating hex file...
".\_build\nrf51422_xxac_s130.axf" - 0 Errors, 7 Warning(s).
Rebuild target 'nrf51422_xxac_s130'
compiling main.c...
..\..\..\main.c(399): warning:  #177-D: variable "index" was declared but never referenced
..\..\..\main.c(824): warning:  #177-D: variable "rssi_smooth" was declared but never referenced
..\..\..\main.c(636): warning:  #177-D: function "power_manage" was declared but never referenced
..\..\..\main.c(672): warning:  #177-D: function "calc_envi_const" was declared but never referenced
..\..\..\main.c(711): warning:  #177-D: function "avg_rssi" was declared but never referenced
..\..\..\main.c(768): warning:  #177-D: function "mov_avg_rssi" was declared but never referenced
..\..\..\main.c(797): warning:  #177-D: function "avg_sliding_window" was declared but never referenced
compiling bsp.c...
compiling bsp_btn_ble.c...
assembling arm_startup_nrf51.s...
compiling system_nrf51.c...
compiling ble_advdata.c...
compiling ble_conn_params.c...
compiling ble_db_discovery.c...
compiling ble_nus_c.c...
compiling ble_srv_common.c...
compiling app_uart_fifo.c...
compiling nrf_delay.c...
compiling nrf_drv_common.c...
compiling nrf_drv_gpiote.c...
compiling nrf_drv_uart.c...
compiling app_button.c...
compiling app_error.c...
compiling app_error_weak.c...
compiling app_fifo.c...
compiling app_timer.c...
compiling app_trace.c...
compiling app_util_platform.c...
compiling nrf_assert.c...
compiling nrf_log.c...
compiling retarget.c...
compiling RTT_Syscalls_KEIL.c...
compiling SEGGER_RTT.c...
compiling SEGGER_RTT_printf.c...
compiling softdevice_handler.c...
linking...
Program Size: Code=18644 RO-data=588 RW-data=216 ZI-data=4328  
FromELF: creating hex file...
".\_build\nrf51422_xxac_s130.axf" - 0 Errors, 7 Warning(s).
